[    0.000000] Initializing cgroup subsys cpuset
[    0.000000] Initializing cgroup subsys cpu
[    0.000000] Initializing cgroup subsys cpuacct
[    0.000000] Linux version 3.13.0-24-generic (buildd@panlong) (gcc version 4.8.2 (Ubuntu 4.8.2-19ubuntu1) ) #46-Ubuntu SMP Thu Apr 10 19:11:08 UTC 2014 (Ubuntu 3.13.0-24.46-generic 3.13.9)
[    0.000000] Command line: BOOT_IMAGE=/boot/vmlinuz-3.13.0-24-generic root=UUID=6bdf4c6a-0851-4337-9643-c623fc6a9376 ro quiet splash
[    0.000000] KERNEL supported cpus:
[    0.000000]   Intel GenuineIntel
[    0.000000]   AMD AuthenticAMD
[    0.000000]   Centaur CentaurHauls
[    0.000000] Disabled fast string operations
[    0.000000] e820: BIOS-provided physical RAM map:
[    0.000000] BIOS-e820: [mem 0x0000000000000000-0x000000000009e7ff] usable
[    0.000000] BIOS-e820: [mem 0x000000000009e800-0x000000000009ffff] reserved
[    0.000000] BIOS-e820: [mem 0x00000000000dc000-0x00000000000fffff] reserved
[    0.000000] BIOS-e820: [mem 0x0000000000100000-0x000000007fedffff] usable
[    0.000000] BIOS-e820: [mem 0x000000007fee0000-0x000000007fefefff] ACPI data
[    0.000000] BIOS-e820: [mem 0x000000007feff000-0x000000007fefffff] ACPI NVS
[    0.000000] BIOS-e820: [mem 0x000000007ff00000-0x000000007fffffff] usable
[    0.000000] BIOS-e820: [mem 0x00000000f0000000-0x00000000f7ffffff] reserved
[    0.000000] BIOS-e820: [mem 0x00000000fec00000-0x00000000fec0ffff] reserved
[    0.000000] BIOS-e820: [mem 0x00000000fee00000-0x00000000fee00fff] reserved
[    0.000000] BIOS-e820: [mem 0x00000000fffe0000-0x00000000ffffffff] reserved
[    0.000000] NX (Execute Disable) protection: active
[    0.000000] SMBIOS 2.7 present.
[    0.000000] DMI: VMware, Inc. VMware Virtual Platform/440BX Desktop Reference Platform, BIOS 6.00 07/02/2015
[    0.000000] Hypervisor detected: VMware
[    0.000000] e820: update [mem 0x00000000-0x00000fff] usable ==> reserved
[    0.000000] e820: remove [mem 0x000a0000-0x000fffff] usable
[    0.000000] No AGP bridge found
[    0.000000] e820: last_pfn = 0x80000 max_arch_pfn = 0x400000000
[    0.000000] MTRR default type: uncachable
[    0.000000] MTRR fixed ranges enabled:
[    0.000000]   00000-9FFFF write-back
[    0.000000]   A0000-BFFFF uncachable
[    0.000000]   C0000-CFFFF write-protect
[    0.000000]   D0000-EFFFF uncachable
[    0.000000]   F0000-FFFFF write-protect
[    0.000000] MTRR variable ranges enabled:
[    0.000000]   0 base 000C0000000 mask 3FFC0000000 uncachable
[    0.000000]   1 base 00000000000 mask 3FF00000000 write-back
[    0.000000]   2 disabled
[    0.000000]   3 disabled
[    0.000000]   4 disabled
[    0.000000]   5 disabled
[    0.000000]   6 disabled
[    0.000000]   7 disabled
[    0.000000] x86 PAT enabled: cpu 0, old 0x7040600070406, new 0x7010600070106
[    0.000000] original variable MTRRs
[    0.000000] reg 0, base: 3GB, range: 1GB, type UC
[    0.000000] reg 1, base: 0GB, range: 4GB, type WB
[    0.000000] total RAM covered: 3072M
[    0.000000] Found optimal setting for mtrr clean up
[    0.000000]  gran_size: 64K 	chunk_size: 64K 	num_reg: 2  	lose cover RAM: 0G
[    0.000000] New variable MTRRs
[    0.000000] reg 0, base: 0GB, range: 2GB, type WB
[    0.000000] reg 1, base: 2GB, range: 1GB, type WB
[    0.000000] found SMP MP-table at [mem 0x000f6a80-0x000f6a8f] mapped at [ffff8800000f6a80]
[    0.000000] Scanning 1 areas for low memory corruption
[    0.000000] Base memory trampoline at [ffff880000098000] 98000 size 24576
[    0.000000] init_memory_mapping: [mem 0x00000000-0x000fffff]
[    0.000000]  [mem 0x00000000-0x000fffff] page 4k
[    0.000000] BRK [0x01fde000, 0x01fdefff] PGTABLE
[    0.000000] BRK [0x01fdf000, 0x01fdffff] PGTABLE
[    0.000000] BRK [0x01fe0000, 0x01fe0fff] PGTABLE
[    0.000000] init_memory_mapping: [mem 0x7fc00000-0x7fdfffff]
[    0.000000]  [mem 0x7fc00000-0x7fdfffff] page 2M
[    0.000000] BRK [0x01fe1000, 0x01fe1fff] PGTABLE
[    0.000000] init_memory_mapping: [mem 0x7c000000-0x7fbfffff]
[    0.000000]  [mem 0x7c000000-0x7fbfffff] page 2M
[    0.000000] init_memory_mapping: [mem 0x00100000-0x7bffffff]
[    0.000000]  [mem 0x00100000-0x001fffff] page 4k
[    0.000000]  [mem 0x00200000-0x7bffffff] page 2M
[    0.000000] init_memory_mapping: [mem 0x7fe00000-0x7fedffff]
[    0.000000]  [mem 0x7fe00000-0x7fedffff] page 4k
[    0.000000] BRK [0x01fe2000, 0x01fe2fff] PGTABLE
[    0.000000] init_memory_mapping: [mem 0x7ff00000-0x7fffffff]
[    0.000000]  [mem 0x7ff00000-0x7fffffff] page 4k
[    0.000000] RAMDISK: [mem 0x35ba2000-0x36dc8fff]
[    0.000000] ACPI: RSDP 00000000000f6a10 000024 (v02 PTLTD )
[    0.000000] ACPI: XSDT 000000007feea633 00005C (v01 INTEL  440BX    06040000 VMW  01324272)
[    0.000000] ACPI: FACP 000000007fefee73 0000F4 (v04 INTEL  440BX    06040000 PTL  000F4240)
[    0.000000] ACPI: DSDT 000000007feec0af 012DC4 (v01 PTLTD  Custom   06040000 MSFT 03000001)
[    0.000000] ACPI: FACS 000000007fefffc0 000040
[    0.000000] ACPI: BOOT 000000007feec087 000028 (v01 PTLTD  $SBFTBL$ 06040000  LTP 00000001)
[    0.000000] ACPI: APIC 000000007feeb8bd 000742 (v01 PTLTD  ? APIC   06040000  LTP 00000000)
[    0.000000] ACPI: MCFG 000000007feeb881 00003C (v01 PTLTD  $PCITBL$ 06040000  LTP 00000001)
[    0.000000] ACPI: SRAT 000000007feea72f 0008D0 (v02 VMWARE MEMPLUG  06040000 VMW  00000001)
[    0.000000] ACPI: HPET 000000007feea6f7 000038 (v01 VMWARE VMW HPET 06040000 VMW  00000001)
[    0.000000] ACPI: WAET 000000007feea6cf 000028 (v01 VMWARE VMW WAET 06040000 VMW  00000001)
[    0.000000] ACPI: Local APIC address 0xfee00000
[    0.000000] system APIC only can use physical flat
[    0.000000] Setting APIC routing to physical flat.
[    0.000000] SRAT: PXM 0 -> APIC 0x00 -> Node 0
[    0.000000] SRAT: PXM 0 -> APIC 0x01 -> Node 0
[    0.000000] SRAT: PXM 0 -> APIC 0x02 -> Node 0
[    0.000000] SRAT: PXM 0 -> APIC 0x03 -> Node 0
[    0.000000] SRAT: PXM 0 -> APIC 0x04 -> Node 0
[    0.000000] SRAT: PXM 0 -> APIC 0x05 -> Node 0
[    0.000000] SRAT: PXM 0 -> APIC 0x06 -> Node 0
[    0.000000] SRAT: PXM 0 -> APIC 0x07 -> Node 0
[    0.000000] SRAT: PXM 0 -> APIC 0x08 -> Node 0
[    0.000000] SRAT: PXM 0 -> APIC 0x09 -> Node 0
[    0.000000] SRAT: PXM 0 -> APIC 0x0a -> Node 0
[    0.000000] SRAT: PXM 0 -> APIC 0x0b -> Node 0
[    0.000000] SRAT: PXM 0 -> APIC 0x0c -> Node 0
[    0.000000] SRAT: PXM 0 -> APIC 0x0d -> Node 0
[    0.000000] SRAT: PXM 0 -> APIC 0x0e -> Node 0
[    0.000000] SRAT: PXM 0 -> APIC 0x0f -> Node 0
[    0.000000] SRAT: PXM 0 -> APIC 0x10 -> Node 0
[    0.000000] SRAT: PXM 0 -> APIC 0x11 -> Node 0
[    0.000000] SRAT: PXM 0 -> APIC 0x12 -> Node 0
[    0.000000] SRAT: PXM 0 -> APIC 0x13 -> Node 0
[    0.000000] SRAT: PXM 0 -> APIC 0x14 -> Node 0
[    0.000000] SRAT: PXM 0 -> APIC 0x15 -> Node 0
[    0.000000] SRAT: PXM 0 -> APIC 0x16 -> Node 0
[    0.000000] SRAT: PXM 0 -> APIC 0x17 -> Node 0
[    0.000000] SRAT: PXM 0 -> APIC 0x18 -> Node 0
[    0.000000] SRAT: PXM 0 -> APIC 0x19 -> Node 0
[    0.000000] SRAT: PXM 0 -> APIC 0x1a -> Node 0
[    0.000000] SRAT: PXM 0 -> APIC 0x1b -> Node 0
[    0.000000] SRAT: PXM 0 -> APIC 0x1c -> Node 0
[    0.000000] SRAT: PXM 0 -> APIC 0x1d -> Node 0
[    0.000000] SRAT: PXM 0 -> APIC 0x1e -> Node 0
[    0.000000] SRAT: PXM 0 -> APIC 0x1f -> Node 0
[    0.000000] SRAT: PXM 0 -> APIC 0x20 -> Node 0
[    0.000000] SRAT: PXM 0 -> APIC 0x21 -> Node 0
[    0.000000] SRAT: PXM 0 -> APIC 0x22 -> Node 0
[    0.000000] SRAT: PXM 0 -> APIC 0x23 -> Node 0
[    0.000000] SRAT: PXM 0 -> APIC 0x24 -> Node 0
[    0.000000] SRAT: PXM 0 -> APIC 0x25 -> Node 0
[    0.000000] SRAT: PXM 0 -> APIC 0x26 -> Node 0
[    0.000000] SRAT: PXM 0 -> APIC 0x27 -> Node 0
[    0.000000] SRAT: PXM 0 -> APIC 0x28 -> Node 0
[    0.000000] SRAT: PXM 0 -> APIC 0x29 -> Node 0
[    0.000000] SRAT: PXM 0 -> APIC 0x2a -> Node 0
[    0.000000] SRAT: PXM 0 -> APIC 0x2b -> Node 0
[    0.000000] SRAT: PXM 0 -> APIC 0x2c -> Node 0
[    0.000000] SRAT: PXM 0 -> APIC 0x2d -> Node 0
[    0.000000] SRAT: PXM 0 -> APIC 0x2e -> Node 0
[    0.000000] SRAT: PXM 0 -> APIC 0x2f -> Node 0
[    0.000000] SRAT: PXM 0 -> APIC 0x30 -> Node 0
[    0.000000] SRAT: PXM 0 -> APIC 0x31 -> Node 0
[    0.000000] SRAT: PXM 0 -> APIC 0x32 -> Node 0
[    0.000000] SRAT: PXM 0 -> APIC 0x33 -> Node 0
[    0.000000] SRAT: PXM 0 -> APIC 0x34 -> Node 0
[    0.000000] SRAT: PXM 0 -> APIC 0x35 -> Node 0
[    0.000000] SRAT: PXM 0 -> APIC 0x36 -> Node 0
[    0.000000] SRAT: PXM 0 -> APIC 0x37 -> Node 0
[    0.000000] SRAT: PXM 0 -> APIC 0x38 -> Node 0
[    0.000000] SRAT: PXM 0 -> APIC 0x39 -> Node 0
[    0.000000] SRAT: PXM 0 -> APIC 0x3a -> Node 0
[    0.000000] SRAT: PXM 0 -> APIC 0x3b -> Node 0
[    0.000000] SRAT: PXM 0 -> APIC 0x3c -> Node 0
[    0.000000] SRAT: PXM 0 -> APIC 0x3d -> Node 0
[    0.000000] SRAT: PXM 0 -> APIC 0x3e -> Node 0
[    0.000000] SRAT: PXM 0 -> APIC 0x3f -> Node 0
[    0.000000] SRAT: PXM 0 -> APIC 0x40 -> Node 0
[    0.000000] SRAT: PXM 0 -> APIC 0x41 -> Node 0
[    0.000000] SRAT: PXM 0 -> APIC 0x42 -> Node 0
[    0.000000] SRAT: PXM 0 -> APIC 0x43 -> Node 0
[    0.000000] SRAT: PXM 0 -> APIC 0x44 -> Node 0
[    0.000000] SRAT: PXM 0 -> APIC 0x45 -> Node 0
[    0.000000] SRAT: PXM 0 -> APIC 0x46 -> Node 0
[    0.000000] SRAT: PXM 0 -> APIC 0x47 -> Node 0
[    0.000000] SRAT: PXM 0 -> APIC 0x48 -> Node 0
[    0.000000] SRAT: PXM 0 -> APIC 0x49 -> Node 0
[    0.000000] SRAT: PXM 0 -> APIC 0x4a -> Node 0
[    0.000000] SRAT: PXM 0 -> APIC 0x4b -> Node 0
[    0.000000] SRAT: PXM 0 -> APIC 0x4c -> Node 0
[    0.000000] SRAT: PXM 0 -> APIC 0x4d -> Node 0
[    0.000000] SRAT: PXM 0 -> APIC 0x4e -> Node 0
[    0.000000] SRAT: PXM 0 -> APIC 0x4f -> Node 0
[    0.000000] SRAT: PXM 0 -> APIC 0x50 -> Node 0
[    0.000000] SRAT: PXM 0 -> APIC 0x51 -> Node 0
[    0.000000] SRAT: PXM 0 -> APIC 0x52 -> Node 0
[    0.000000] SRAT: PXM 0 -> APIC 0x53 -> Node 0
[    0.000000] SRAT: PXM 0 -> APIC 0x54 -> Node 0
[    0.000000] SRAT: PXM 0 -> APIC 0x55 -> Node 0
[    0.000000] SRAT: PXM 0 -> APIC 0x56 -> Node 0
[    0.000000] SRAT: PXM 0 -> APIC 0x57 -> Node 0
[    0.000000] SRAT: PXM 0 -> APIC 0x58 -> Node 0
[    0.000000] SRAT: PXM 0 -> APIC 0x59 -> Node 0
[    0.000000] SRAT: PXM 0 -> APIC 0x5a -> Node 0
[    0.000000] SRAT: PXM 0 -> APIC 0x5b -> Node 0
[    0.000000] SRAT: PXM 0 -> APIC 0x5c -> Node 0
[    0.000000] SRAT: PXM 0 -> APIC 0x5d -> Node 0
[    0.000000] SRAT: PXM 0 -> APIC 0x5e -> Node 0
[    0.000000] SRAT: PXM 0 -> APIC 0x5f -> Node 0
[    0.000000] SRAT: PXM 0 -> APIC 0x60 -> Node 0
[    0.000000] SRAT: PXM 0 -> APIC 0x61 -> Node 0
[    0.000000] SRAT: PXM 0 -> APIC 0x62 -> Node 0
[    0.000000] SRAT: PXM 0 -> APIC 0x63 -> Node 0
[    0.000000] SRAT: PXM 0 -> APIC 0x64 -> Node 0
[    0.000000] SRAT: PXM 0 -> APIC 0x65 -> Node 0
[    0.000000] SRAT: PXM 0 -> APIC 0x66 -> Node 0
[    0.000000] SRAT: PXM 0 -> APIC 0x67 -> Node 0
[    0.000000] SRAT: PXM 0 -> APIC 0x68 -> Node 0
[    0.000000] SRAT: PXM 0 -> APIC 0x69 -> Node 0
[    0.000000] SRAT: PXM 0 -> APIC 0x6a -> Node 0
[    0.000000] SRAT: PXM 0 -> APIC 0x6b -> Node 0
[    0.000000] SRAT: PXM 0 -> APIC 0x6c -> Node 0
[    0.000000] SRAT: PXM 0 -> APIC 0x6d -> Node 0
[    0.000000] SRAT: PXM 0 -> APIC 0x6e -> Node 0
[    0.000000] SRAT: PXM 0 -> APIC 0x6f -> Node 0
[    0.000000] SRAT: PXM 0 -> APIC 0x70 -> Node 0
[    0.000000] SRAT: PXM 0 -> APIC 0x71 -> Node 0
[    0.000000] SRAT: PXM 0 -> APIC 0x72 -> Node 0
[    0.000000] SRAT: PXM 0 -> APIC 0x73 -> Node 0
[    0.000000] SRAT: PXM 0 -> APIC 0x74 -> Node 0
[    0.000000] SRAT: PXM 0 -> APIC 0x75 -> Node 0
[    0.000000] SRAT: PXM 0 -> APIC 0x76 -> Node 0
[    0.000000] SRAT: PXM 0 -> APIC 0x77 -> Node 0
[    0.000000] SRAT: PXM 0 -> APIC 0x78 -> Node 0
[    0.000000] SRAT: PXM 0 -> APIC 0x79 -> Node 0
[    0.000000] SRAT: PXM 0 -> APIC 0x7a -> Node 0
[    0.000000] SRAT: PXM 0 -> APIC 0x7b -> Node 0
[    0.000000] SRAT: PXM 0 -> APIC 0x7c -> Node 0
[    0.000000] SRAT: PXM 0 -> APIC 0x7d -> Node 0
[    0.000000] SRAT: PXM 0 -> APIC 0x7e -> Node 0
[    0.000000] SRAT: PXM 0 -> APIC 0x7f -> Node 0
[    0.000000] SRAT: Node 0 PXM 0 [mem 0x00000000-0x0009ffff]
[    0.000000] SRAT: Node 0 PXM 0 [mem 0x00100000-0x0fffffff]
[    0.000000] SRAT: Node 0 PXM 0 [mem 0x10000000-0x7fffffff]
[    0.000000] SRAT: Node 0 PXM 0 [mem 0x80000000-0xbfffffff] hotplug
[    0.000000] NUMA: Node 0 [mem 0x00000000-0x0009ffff] + [mem 0x00100000-0x0fffffff] -> [mem 0x00000000-0x0fffffff]
[    0.000000] NUMA: Node 0 [mem 0x00000000-0x0fffffff] + [mem 0x10000000-0x7fffffff] -> [mem 0x00000000-0x7fffffff]
[    0.000000] Initmem setup node 0 [mem 0x00000000-0x7fffffff]
[    0.000000]   NODE_DATA [mem 0x7fffb000-0x7fffffff]
[    0.000000]  [ffffea0000000000-ffffea0001ffffff] PMD -> [ffff88007d600000-ffff88007f5fffff] on node 0
[    0.000000] Zone ranges:
[    0.000000]   DMA      [mem 0x00001000-0x00ffffff]
[    0.000000]   DMA32    [mem 0x01000000-0xffffffff]
[    0.000000]   Normal   empty
[    0.000000] Movable zone start for each node
[    0.000000] Early memory node ranges
[    0.000000]   node   0: [mem 0x00001000-0x0009dfff]
[    0.000000]   node   0: [mem 0x00100000-0x7fedffff]
[    0.000000]   node   0: [mem 0x7ff00000-0x7fffffff]
[    0.000000] On node 0 totalpages: 524157
[    0.000000]   DMA zone: 64 pages used for memmap
[    0.000000]   DMA zone: 21 pages reserved
[    0.000000]   DMA zone: 3997 pages, LIFO batch:0
[    0.000000]   DMA32 zone: 8128 pages used for memmap
[    0.000000]   DMA32 zone: 520160 pages, LIFO batch:31
[    0.000000] ACPI: PM-Timer IO Port: 0x1008
[    0.000000] ACPI: Local APIC address 0xfee00000
[    0.000000] system APIC only can use physical flat
[    0.000000] ACPI: LAPIC (acpi_id[0x00] lapic_id[0x00] enabled)
[    0.000000] ACPI: LAPIC (acpi_id[0x01] lapic_id[0x01] enabled)
[    0.000000] ACPI: LAPIC (acpi_id[0x02] lapic_id[0x02] enabled)
[    0.000000] ACPI: LAPIC (acpi_id[0x03] lapic_id[0x03] enabled)
[    0.000000] ACPI: LAPIC (acpi_id[0x04] lapic_id[0x04] disabled)
[    0.000000] ACPI: LAPIC (acpi_id[0x05] lapic_id[0x05] disabled)
[    0.000000] ACPI: LAPIC (acpi_id[0x06] lapic_id[0x06] disabled)
[    0.000000] ACPI: LAPIC (acpi_id[0x07] lapic_id[0x07] disabled)
[    0.000000] ACPI: LAPIC (acpi_id[0x08] lapic_id[0x08] disabled)
[    0.000000] ACPI: LAPIC (acpi_id[0x09] lapic_id[0x09] disabled)
[    0.000000] ACPI: LAPIC (acpi_id[0x0a] lapic_id[0x0a] disabled)
[    0.000000] ACPI: LAPIC (acpi_id[0x0b] lapic_id[0x0b] disabled)
[    0.000000] ACPI: LAPIC (acpi_id[0x0c] lapic_id[0x0c] disabled)
[    0.000000] ACPI: LAPIC (acpi_id[0x0d] lapic_id[0x0d] disabled)
[    0.000000] ACPI: LAPIC (acpi_id[0x0e] lapic_id[0x0e] disabled)
[    0.000000] ACPI: LAPIC (acpi_id[0x0f] lapic_id[0x0f] disabled)
[    0.000000] ACPI: LAPIC (acpi_id[0x10] lapic_id[0x10] disabled)
[    0.000000] ACPI: LAPIC (acpi_id[0x11] lapic_id[0x11] disabled)
[    0.000000] ACPI: LAPIC (acpi_id[0x12] lapic_id[0x12] disabled)
[    0.000000] ACPI: LAPIC (acpi_id[0x13] lapic_id[0x13] disabled)
[    0.000000] ACPI: LAPIC (acpi_id[0x14] lapic_id[0x14] disabled)
[    0.000000] ACPI: LAPIC (acpi_id[0x15] lapic_id[0x15] disabled)
[    0.000000] ACPI: LAPIC (acpi_id[0x16] lapic_id[0x16] disabled)
[    0.000000] ACPI: LAPIC (acpi_id[0x17] lapic_id[0x17] disabled)
[    0.000000] ACPI: LAPIC (acpi_id[0x18] lapic_id[0x18] disabled)
[    0.000000] ACPI: LAPIC (acpi_id[0x19] lapic_id[0x19] disabled)
[    0.000000] ACPI: LAPIC (acpi_id[0x1a] lapic_id[0x1a] disabled)
[    0.000000] ACPI: LAPIC (acpi_id[0x1b] lapic_id[0x1b] disabled)
[    0.000000] ACPI: LAPIC (acpi_id[0x1c] lapic_id[0x1c] disabled)
[    0.000000] ACPI: LAPIC (acpi_id[0x1d] lapic_id[0x1d] disabled)
[    0.000000] ACPI: LAPIC (acpi_id[0x1e] lapic_id[0x1e] disabled)
[    0.000000] ACPI: LAPIC (acpi_id[0x1f] lapic_id[0x1f] disabled)
[    0.000000] ACPI: LAPIC (acpi_id[0x20] lapic_id[0x20] disabled)
[    0.000000] ACPI: LAPIC (acpi_id[0x21] lapic_id[0x21] disabled)
[    0.000000] ACPI: LAPIC (acpi_id[0x22] lapic_id[0x22] disabled)
[    0.000000] ACPI: LAPIC (acpi_id[0x23] lapic_id[0x23] disabled)
[    0.000000] ACPI: LAPIC (acpi_id[0x24] lapic_id[0x24] disabled)
[    0.000000] ACPI: LAPIC (acpi_id[0x25] lapic_id[0x25] disabled)
[    0.000000] ACPI: LAPIC (acpi_id[0x26] lapic_id[0x26] disabled)
[    0.000000] ACPI: LAPIC (acpi_id[0x27] lapic_id[0x27] disabled)
[    0.000000] ACPI: LAPIC (acpi_id[0x28] lapic_id[0x28] disabled)
[    0.000000] ACPI: LAPIC (acpi_id[0x29] lapic_id[0x29] disabled)
[    0.000000] ACPI: LAPIC (acpi_id[0x2a] lapic_id[0x2a] disabled)
[    0.000000] ACPI: LAPIC (acpi_id[0x2b] lapic_id[0x2b] disabled)
[    0.000000] ACPI: LAPIC (acpi_id[0x2c] lapic_id[0x2c] disabled)
[    0.000000] ACPI: LAPIC (acpi_id[0x2d] lapic_id[0x2d] disabled)
[    0.000000] ACPI: LAPIC (acpi_id[0x2e] lapic_id[0x2e] disabled)
[    0.000000] ACPI: LAPIC (acpi_id[0x2f] lapic_id[0x2f] disabled)
[    0.000000] ACPI: LAPIC (acpi_id[0x30] lapic_id[0x30] disabled)
[    0.000000] ACPI: LAPIC (acpi_id[0x31] lapic_id[0x31] disabled)
[    0.000000] ACPI: LAPIC (acpi_id[0x32] lapic_id[0x32] disabled)
[    0.000000] ACPI: LAPIC (acpi_id[0x33] lapic_id[0x33] disabled)
[    0.000000] ACPI: LAPIC (acpi_id[0x34] lapic_id[0x34] disabled)
[    0.000000] ACPI: LAPIC (acpi_id[0x35] lapic_id[0x35] disabled)
[    0.000000] ACPI: LAPIC (acpi_id[0x36] lapic_id[0x36] disabled)
[    0.000000] ACPI: LAPIC (acpi_id[0x37] lapic_id[0x37] disabled)
[    0.000000] ACPI: LAPIC (acpi_id[0x38] lapic_id[0x38] disabled)
[    0.000000] ACPI: LAPIC (acpi_id[0x39] lapic_id[0x39] disabled)
[    0.000000] ACPI: LAPIC (acpi_id[0x3a] lapic_id[0x3a] disabled)
[    0.000000] ACPI: LAPIC (acpi_id[0x3b] lapic_id[0x3b] disabled)
[    0.000000] ACPI: LAPIC (acpi_id[0x3c] lapic_id[0x3c] disabled)
[    0.000000] ACPI: LAPIC (acpi_id[0x3d] lapic_id[0x3d] disabled)
[    0.000000] ACPI: LAPIC (acpi_id[0x3e] lapic_id[0x3e] disabled)
[    0.000000] ACPI: LAPIC (acpi_id[0x3f] lapic_id[0x3f] disabled)
[    0.000000] ACPI: LAPIC (acpi_id[0x40] lapic_id[0x40] disabled)
[    0.000000] ACPI: LAPIC (acpi_id[0x41] lapic_id[0x41] disabled)
[    0.000000] ACPI: LAPIC (acpi_id[0x42] lapic_id[0x42] disabled)
[    0.000000] ACPI: LAPIC (acpi_id[0x43] lapic_id[0x43] disabled)
[    0.000000] ACPI: LAPIC (acpi_id[0x44] lapic_id[0x44] disabled)
[    0.000000] ACPI: LAPIC (acpi_id[0x45] lapic_id[0x45] disabled)
[    0.000000] ACPI: LAPIC (acpi_id[0x46] lapic_id[0x46] disabled)
[    0.000000] ACPI: LAPIC (acpi_id[0x47] lapic_id[0x47] disabled)
[    0.000000] ACPI: LAPIC (acpi_id[0x48] lapic_id[0x48] disabled)
[    0.000000] ACPI: LAPIC (acpi_id[0x49] lapic_id[0x49] disabled)
[    0.000000] ACPI: LAPIC (acpi_id[0x4a] lapic_id[0x4a] disabled)
[    0.000000] ACPI: LAPIC (acpi_id[0x4b] lapic_id[0x4b] disabled)
[    0.000000] ACPI: LAPIC (acpi_id[0x4c] lapic_id[0x4c] disabled)
[    0.000000] ACPI: LAPIC (acpi_id[0x4d] lapic_id[0x4d] disabled)
[    0.000000] ACPI: LAPIC (acpi_id[0x4e] lapic_id[0x4e] disabled)
[    0.000000] ACPI: LAPIC (acpi_id[0x4f] lapic_id[0x4f] disabled)
[    0.000000] ACPI: LAPIC (acpi_id[0x50] lapic_id[0x50] disabled)
[    0.000000] ACPI: LAPIC (acpi_id[0x51] lapic_id[0x51] disabled)
[    0.000000] ACPI: LAPIC (acpi_id[0x52] lapic_id[0x52] disabled)
[    0.000000] ACPI: LAPIC (acpi_id[0x53] lapic_id[0x53] disabled)
[    0.000000] ACPI: LAPIC (acpi_id[0x54] lapic_id[0x54] disabled)
[    0.000000] ACPI: LAPIC (acpi_id[0x55] lapic_id[0x55] disabled)
[    0.000000] ACPI: LAPIC (acpi_id[0x56] lapic_id[0x56] disabled)
[    0.000000] ACPI: LAPIC (acpi_id[0x57] lapic_id[0x57] disabled)
[    0.000000] ACPI: LAPIC (acpi_id[0x58] lapic_id[0x58] disabled)
[    0.000000] ACPI: LAPIC (acpi_id[0x59] lapic_id[0x59] disabled)
[    0.000000] ACPI: LAPIC (acpi_id[0x5a] lapic_id[0x5a] disabled)
[    0.000000] ACPI: LAPIC (acpi_id[0x5b] lapic_id[0x5b] disabled)
[    0.000000] ACPI: LAPIC (acpi_id[0x5c] lapic_id[0x5c] disabled)
[    0.000000] ACPI: LAPIC (acpi_id[0x5d] lapic_id[0x5d] disabled)
[    0.000000] ACPI: LAPIC (acpi_id[0x5e] lapic_id[0x5e] disabled)
[    0.000000] ACPI: LAPIC (acpi_id[0x5f] lapic_id[0x5f] disabled)
[    0.000000] ACPI: LAPIC (acpi_id[0x60] lapic_id[0x60] disabled)
[    0.000000] ACPI: LAPIC (acpi_id[0x61] lapic_id[0x61] disabled)
[    0.000000] ACPI: LAPIC (acpi_id[0x62] lapic_id[0x62] disabled)
[    0.000000] ACPI: LAPIC (acpi_id[0x63] lapic_id[0x63] disabled)
[    0.000000] ACPI: LAPIC (acpi_id[0x64] lapic_id[0x64] disabled)
[    0.000000] ACPI: LAPIC (acpi_id[0x65] lapic_id[0x65] disabled)
[    0.000000] ACPI: LAPIC (acpi_id[0x66] lapic_id[0x66] disabled)
[    0.000000] ACPI: LAPIC (acpi_id[0x67] lapic_id[0x67] disabled)
[    0.000000] ACPI: LAPIC (acpi_id[0x68] lapic_id[0x68] disabled)
[    0.000000] ACPI: LAPIC (acpi_id[0x69] lapic_id[0x69] disabled)
[    0.000000] ACPI: LAPIC (acpi_id[0x6a] lapic_id[0x6a] disabled)
[    0.000000] ACPI: LAPIC (acpi_id[0x6b] lapic_id[0x6b] disabled)
[    0.000000] ACPI: LAPIC (acpi_id[0x6c] lapic_id[0x6c] disabled)
[    0.000000] ACPI: LAPIC (acpi_id[0x6d] lapic_id[0x6d] disabled)
[    0.000000] ACPI: LAPIC (acpi_id[0x6e] lapic_id[0x6e] disabled)
[    0.000000] ACPI: LAPIC (acpi_id[0x6f] lapic_id[0x6f] disabled)
[    0.000000] ACPI: LAPIC (acpi_id[0x70] lapic_id[0x70] disabled)
[    0.000000] ACPI: LAPIC (acpi_id[0x71] lapic_id[0x71] disabled)
[    0.000000] ACPI: LAPIC (acpi_id[0x72] lapic_id[0x72] disabled)
[    0.000000] ACPI: LAPIC (acpi_id[0x73] lapic_id[0x73] disabled)
[    0.000000] ACPI: LAPIC (acpi_id[0x74] lapic_id[0x74] disabled)
[    0.000000] ACPI: LAPIC (acpi_id[0x75] lapic_id[0x75] disabled)
[    0.000000] ACPI: LAPIC (acpi_id[0x76] lapic_id[0x76] disabled)
[    0.000000] ACPI: LAPIC (acpi_id[0x77] lapic_id[0x77] disabled)
[    0.000000] ACPI: LAPIC (acpi_id[0x78] lapic_id[0x78] disabled)
[    0.000000] ACPI: LAPIC (acpi_id[0x79] lapic_id[0x79] disabled)
[    0.000000] ACPI: LAPIC (acpi_id[0x7a] lapic_id[0x7a] disabled)
[    0.000000] ACPI: LAPIC (acpi_id[0x7b] lapic_id[0x7b] disabled)
[    0.000000] ACPI: LAPIC (acpi_id[0x7c] lapic_id[0x7c] disabled)
[    0.000000] ACPI: LAPIC (acpi_id[0x7d] lapic_id[0x7d] disabled)
[    0.000000] ACPI: LAPIC (acpi_id[0x7e] lapic_id[0x7e] disabled)
[    0.000000] ACPI: LAPIC (acpi_id[0x7f] lapic_id[0x7f] disabled)
[    0.000000] ACPI: LAPIC_NMI (acpi_id[0x00] high edge lint[0x1])
[    0.000000] ACPI: LAPIC_NMI (acpi_id[0x01] high edge lint[0x1])
[    0.000000] ACPI: LAPIC_NMI (acpi_id[0x02] high edge lint[0x1])
[    0.000000] ACPI: LAPIC_NMI (acpi_id[0x03] high edge lint[0x1])
[    0.000000] ACPI: LAPIC_NMI (acpi_id[0x04] high edge lint[0x1])
[    0.000000] ACPI: LAPIC_NMI (acpi_id[0x05] high edge lint[0x1])
[    0.000000] ACPI: LAPIC_NMI (acpi_id[0x06] high edge lint[0x1])
[    0.000000] ACPI: LAPIC_NMI (acpi_id[0x07] high edge lint[0x1])
[    0.000000] ACPI: LAPIC_NMI (acpi_id[0x08] high edge lint[0x1])
[    0.000000] ACPI: LAPIC_NMI (acpi_id[0x09] high edge lint[0x1])
[    0.000000] ACPI: LAPIC_NMI (acpi_id[0x0a] high edge lint[0x1])
[    0.000000] ACPI: LAPIC_NMI (acpi_id[0x0b] high edge lint[0x1])
[    0.000000] ACPI: LAPIC_NMI (acpi_id[0x0c] high edge lint[0x1])
[    0.000000] ACPI: LAPIC_NMI (acpi_id[0x0d] high edge lint[0x1])
[    0.000000] ACPI: LAPIC_NMI (acpi_id[0x0e] high edge lint[0x1])
[    0.000000] ACPI: LAPIC_NMI (acpi_id[0x0f] high edge lint[0x1])
[    0.000000] ACPI: LAPIC_NMI (acpi_id[0x10] high edge lint[0x1])
[    0.000000] ACPI: LAPIC_NMI (acpi_id[0x11] high edge lint[0x1])
[    0.000000] ACPI: LAPIC_NMI (acpi_id[0x12] high edge lint[0x1])
[    0.000000] ACPI: LAPIC_NMI (acpi_id[0x13] high edge lint[0x1])
[    0.000000] ACPI: LAPIC_NMI (acpi_id[0x14] high edge lint[0x1])
[    0.000000] ACPI: LAPIC_NMI (acpi_id[0x15] high edge lint[0x1])
[    0.000000] ACPI: LAPIC_NMI (acpi_id[0x16] high edge lint[0x1])
[    0.000000] ACPI: LAPIC_NMI (acpi_id[0x17] high edge lint[0x1])
[    0.000000] ACPI: LAPIC_NMI (acpi_id[0x18] high edge lint[0x1])
[    0.000000] ACPI: LAPIC_NMI (acpi_id[0x19] high edge lint[0x1])
[    0.000000] ACPI: LAPIC_NMI (acpi_id[0x1a] high edge lint[0x1])
[    0.000000] ACPI: LAPIC_NMI (acpi_id[0x1b] high edge lint[0x1])
[    0.000000] ACPI: LAPIC_NMI (acpi_id[0x1c] high edge lint[0x1])
[    0.000000] ACPI: LAPIC_NMI (acpi_id[0x1d] high edge lint[0x1])
[    0.000000] ACPI: LAPIC_NMI (acpi_id[0x1e] high edge lint[0x1])
[    0.000000] ACPI: LAPIC_NMI (acpi_id[0x1f] high edge lint[0x1])
[    0.000000] ACPI: LAPIC_NMI (acpi_id[0x20] high edge lint[0x1])
[    0.000000] ACPI: LAPIC_NMI (acpi_id[0x21] high edge lint[0x1])
[    0.000000] ACPI: LAPIC_NMI (acpi_id[0x22] high edge lint[0x1])
[    0.000000] ACPI: LAPIC_NMI (acpi_id[0x23] high edge lint[0x1])
[    0.000000] ACPI: LAPIC_NMI (acpi_id[0x24] high edge lint[0x1])
[    0.000000] ACPI: LAPIC_NMI (acpi_id[0x25] high edge lint[0x1])
[    0.000000] ACPI: LAPIC_NMI (acpi_id[0x26] high edge lint[0x1])
[    0.000000] ACPI: LAPIC_NMI (acpi_id[0x27] high edge lint[0x1])
[    0.000000] ACPI: LAPIC_NMI (acpi_id[0x28] high edge lint[0x1])
[    0.000000] ACPI: LAPIC_NMI (acpi_id[0x29] high edge lint[0x1])
[    0.000000] ACPI: LAPIC_NMI (acpi_id[0x2a] high edge lint[0x1])
[    0.000000] ACPI: LAPIC_NMI (acpi_id[0x2b] high edge lint[0x1])
[    0.000000] ACPI: LAPIC_NMI (acpi_id[0x2c] high edge lint[0x1])
[    0.000000] ACPI: LAPIC_NMI (acpi_id[0x2d] high edge lint[0x1])
[    0.000000] ACPI: LAPIC_NMI (acpi_id[0x2e] high edge lint[0x1])
[    0.000000] ACPI: LAPIC_NMI (acpi_id[0x2f] high edge lint[0x1])
[    0.000000] ACPI: LAPIC_NMI (acpi_id[0x30] high edge lint[0x1])
[    0.000000] ACPI: LAPIC_NMI (acpi_id[0x31] high edge lint[0x1])
[    0.000000] ACPI: LAPIC_NMI (acpi_id[0x32] high edge lint[0x1])
[    0.000000] ACPI: LAPIC_NMI (acpi_id[0x33] high edge lint[0x1])
[    0.000000] ACPI: LAPIC_NMI (acpi_id[0x34] high edge lint[0x1])
[    0.000000] ACPI: LAPIC_NMI (acpi_id[0x35] high edge lint[0x1])
[    0.000000] ACPI: LAPIC_NMI (acpi_id[0x36] high edge lint[0x1])
[    0.000000] ACPI: LAPIC_NMI (acpi_id[0x37] high edge lint[0x1])
[    0.000000] ACPI: LAPIC_NMI (acpi_id[0x38] high edge lint[0x1])
[    0.000000] ACPI: LAPIC_NMI (acpi_id[0x39] high edge lint[0x1])
[    0.000000] ACPI: LAPIC_NMI (acpi_id[0x3a] high edge lint[0x1])
[    0.000000] ACPI: LAPIC_NMI (acpi_id[0x3b] high edge lint[0x1])
[    0.000000] ACPI: LAPIC_NMI (acpi_id[0x3c] high edge lint[0x1])
[    0.000000] ACPI: LAPIC_NMI (acpi_id[0x3d] high edge lint[0x1])
[    0.000000] ACPI: LAPIC_NMI (acpi_id[0x3e] high edge lint[0x1])
[    0.000000] ACPI: LAPIC_NMI (acpi_id[0x3f] high edge lint[0x1])
[    0.000000] ACPI: LAPIC_NMI (acpi_id[0x40] high edge lint[0x1])
[    0.000000] ACPI: LAPIC_NMI (acpi_id[0x41] high edge lint[0x1])
[    0.000000] ACPI: LAPIC_NMI (acpi_id[0x42] high edge lint[0x1])
[    0.000000] ACPI: LAPIC_NMI (acpi_id[0x43] high edge lint[0x1])
[    0.000000] ACPI: LAPIC_NMI (acpi_id[0x44] high edge lint[0x1])
[    0.000000] ACPI: LAPIC_NMI (acpi_id[0x45] high edge lint[0x1])
[    0.000000] ACPI: LAPIC_NMI (acpi_id[0x46] high edge lint[0x1])
[    0.000000] ACPI: LAPIC_NMI (acpi_id[0x47] high edge lint[0x1])
[    0.000000] ACPI: LAPIC_NMI (acpi_id[0x48] high edge lint[0x1])
[    0.000000] ACPI: LAPIC_NMI (acpi_id[0x49] high edge lint[0x1])
[    0.000000] ACPI: LAPIC_NMI (acpi_id[0x4a] high edge lint[0x1])
[    0.000000] ACPI: LAPIC_NMI (acpi_id[0x4b] high edge lint[0x1])
[    0.000000] ACPI: LAPIC_NMI (acpi_id[0x4c] high edge lint[0x1])
[    0.000000] ACPI: LAPIC_NMI (acpi_id[0x4d] high edge lint[0x1])
[    0.000000] ACPI: LAPIC_NMI (acpi_id[0x4e] high edge lint[0x1])
[    0.000000] ACPI: LAPIC_NMI (acpi_id[0x4f] high edge lint[0x1])
[    0.000000] ACPI: LAPIC_NMI (acpi_id[0x50] high edge lint[0x1])
[    0.000000] ACPI: LAPIC_NMI (acpi_id[0x51] high edge lint[0x1])
[    0.000000] ACPI: LAPIC_NMI (acpi_id[0x52] high edge lint[0x1])
[    0.000000] ACPI: LAPIC_NMI (acpi_id[0x53] high edge lint[0x1])
[    0.000000] ACPI: LAPIC_NMI (acpi_id[0x54] high edge lint[0x1])
[    0.000000] ACPI: LAPIC_NMI (acpi_id[0x55] high edge lint[0x1])
[    0.000000] ACPI: LAPIC_NMI (acpi_id[0x56] high edge lint[0x1])
[    0.000000] ACPI: LAPIC_NMI (acpi_id[0x57] high edge lint[0x1])
[    0.000000] ACPI: LAPIC_NMI (acpi_id[0x58] high edge lint[0x1])
[    0.000000] ACPI: LAPIC_NMI (acpi_id[0x59] high edge lint[0x1])
[    0.000000] ACPI: LAPIC_NMI (acpi_id[0x5a] high edge lint[0x1])
[    0.000000] ACPI: LAPIC_NMI (acpi_id[0x5b] high edge lint[0x1])
[    0.000000] ACPI: LAPIC_NMI (acpi_id[0x5c] high edge lint[0x1])
[    0.000000] ACPI: LAPIC_NMI (acpi_id[0x5d] high edge lint[0x1])
[    0.000000] ACPI: LAPIC_NMI (acpi_id[0x5e] high edge lint[0x1])
[    0.000000] ACPI: LAPIC_NMI (acpi_id[0x5f] high edge lint[0x1])
[    0.000000] ACPI: LAPIC_NMI (acpi_id[0x60] high edge lint[0x1])
[    0.000000] ACPI: LAPIC_NMI (acpi_id[0x61] high edge lint[0x1])
[    0.000000] ACPI: LAPIC_NMI (acpi_id[0x62] high edge lint[0x1])
[    0.000000] ACPI: LAPIC_NMI (acpi_id[0x63] high edge lint[0x1])
[    0.000000] ACPI: LAPIC_NMI (acpi_id[0x64] high edge lint[0x1])
[    0.000000] ACPI: LAPIC_NMI (acpi_id[0x65] high edge lint[0x1])
[    0.000000] ACPI: LAPIC_NMI (acpi_id[0x66] high edge lint[0x1])
[    0.000000] ACPI: LAPIC_NMI (acpi_id[0x67] high edge lint[0x1])
[    0.000000] ACPI: LAPIC_NMI (acpi_id[0x68] high edge lint[0x1])
[    0.000000] ACPI: LAPIC_NMI (acpi_id[0x69] high edge lint[0x1])
[    0.000000] ACPI: LAPIC_NMI (acpi_id[0x6a] high edge lint[0x1])
[    0.000000] ACPI: LAPIC_NMI (acpi_id[0x6b] high edge lint[0x1])
[    0.000000] ACPI: LAPIC_NMI (acpi_id[0x6c] high edge lint[0x1])
[    0.000000] ACPI: LAPIC_NMI (acpi_id[0x6d] high edge lint[0x1])
[    0.000000] ACPI: LAPIC_NMI (acpi_id[0x6e] high edge lint[0x1])
[    0.000000] ACPI: LAPIC_NMI (acpi_id[0x6f] high edge lint[0x1])
[    0.000000] ACPI: LAPIC_NMI (acpi_id[0x70] high edge lint[0x1])
[    0.000000] ACPI: LAPIC_NMI (acpi_id[0x71] high edge lint[0x1])
[    0.000000] ACPI: LAPIC_NMI (acpi_id[0x72] high edge lint[0x1])
[    0.000000] ACPI: LAPIC_NMI (acpi_id[0x73] high edge lint[0x1])
[    0.000000] ACPI: LAPIC_NMI (acpi_id[0x74] high edge lint[0x1])
[    0.000000] ACPI: LAPIC_NMI (acpi_id[0x75] high edge lint[0x1])
[    0.000000] ACPI: LAPIC_NMI (acpi_id[0x76] high edge lint[0x1])
[    0.000000] ACPI: LAPIC_NMI (acpi_id[0x77] high edge lint[0x1])
[    0.000000] ACPI: LAPIC_NMI (acpi_id[0x78] high edge lint[0x1])
[    0.000000] ACPI: LAPIC_NMI (acpi_id[0x79] high edge lint[0x1])
[    0.000000] ACPI: LAPIC_NMI (acpi_id[0x7a] high edge lint[0x1])
[    0.000000] ACPI: LAPIC_NMI (acpi_id[0x7b] high edge lint[0x1])
[    0.000000] ACPI: LAPIC_NMI (acpi_id[0x7c] high edge lint[0x1])
[    0.000000] ACPI: LAPIC_NMI (acpi_id[0x7d] high edge lint[0x1])
[    0.000000] ACPI: LAPIC_NMI (acpi_id[0x7e] high edge lint[0x1])
[    0.000000] ACPI: LAPIC_NMI (acpi_id[0x7f] high edge lint[0x1])
[    0.000000] ACPI: IOAPIC (id[0x80] address[0xfec00000] gsi_base[0])
[    0.000000] IOAPIC[0]: apic_id 128, version 17, address 0xfec00000, GSI 0-23
[    0.000000] ACPI: INT_SRC_OVR (bus 0 bus_irq 0 global_irq 2 high edge)
[    0.000000] ACPI: IRQ0 used by override.
[    0.000000] ACPI: IRQ2 used by override.
[    0.000000] ACPI: IRQ9 used by override.
[    0.000000] Using ACPI (MADT) for SMP configuration information
[    0.000000] ACPI: HPET id: 0x8086af01 base: 0xfed00000
[    0.000000] smpboot: Allowing 128 CPUs, 124 hotplug CPUs
[    0.000000] nr_irqs_gsi: 40
[    0.000000] PM: Registered nosave memory: [mem 0x0009e000-0x0009efff]
[    0.000000] PM: Registered nosave memory: [mem 0x0009f000-0x0009ffff]
[    0.000000] PM: Registered nosave memory: [mem 0x000a0000-0x000dbfff]
[    0.000000] PM: Registered nosave memory: [mem 0x000dc000-0x000fffff]
[    0.000000] PM: Registered nosave memory: [mem 0x7fee0000-0x7fefefff]
[    0.000000] PM: Registered nosave memory: [mem 0x7feff000-0x7fefffff]
[    0.000000] e820: [mem 0x80000000-0xefffffff] available for PCI devices
[    0.000000] Booting paravirtualized kernel on bare hardware
[    0.000000] setup_percpu: NR_CPUS:256 nr_cpumask_bits:256 nr_cpu_ids:128 nr_node_ids:1
[    0.000000] PERCPU: Embedded 29 pages/cpu @ffff88007c600000 s86336 r8192 d24256 u131072
[    0.000000] pcpu-alloc: s86336 r8192 d24256 u131072 alloc=1*2097152
[    0.000000] pcpu-alloc: [0] 000 001 002 003 004 005 006 007 008 009 010 011 012 013 014 015 
[    0.000000] pcpu-alloc: [0] 016 017 018 019 020 021 022 023 024 025 026 027 028 029 030 031 
[    0.000000] pcpu-alloc: [0] 032 033 034 035 036 037 038 039 040 041 042 043 044 045 046 047 
[    0.000000] pcpu-alloc: [0] 048 049 050 051 052 053 054 055 056 057 058 059 060 061 062 063 
[    0.000000] pcpu-alloc: [0] 064 065 066 067 068 069 070 071 072 073 074 075 076 077 078 079 
[    0.000000] pcpu-alloc: [0] 080 081 082 083 084 085 086 087 088 089 090 091 092 093 094 095 
[    0.000000] pcpu-alloc: [0] 096 097 098 099 100 101 102 103 104 105 106 107 108 109 110 111 
[    0.000000] pcpu-alloc: [0] 112 113 114 115 116 117 118 119 120 121 122 123 124 125 126 127 
[    0.000000] Built 1 zonelists in Node order, mobility grouping on.  Total pages: 515944
[    0.000000] Policy zone: DMA32
[    0.000000] Kernel command line: BOOT_IMAGE=/boot/vmlinuz-3.13.0-24-generic root=UUID=6bdf4c6a-0851-4337-9643-c623fc6a9376 ro quiet splash
[    0.000000] PID hash table entries: 4096 (order: 3, 32768 bytes)
[    0.000000] xsave: enabled xstate_bv 0x7, cntxt size 0x340
[    0.000000] Checking aperture...
[    0.000000] No AGP bridge found
[    0.000000] Calgary: detecting Calgary via BIOS EBDA area
[    0.000000] Calgary: Unable to locate Rio Grande table in EBDA - bailing!
[    0.000000] Memory: 2013796K/2096628K available (7338K kernel code, 1138K rwdata, 3388K rodata, 1332K init, 1440K bss, 82832K reserved)
[    0.000000] SLUB: HWalign=64, Order=0-3, MinObjects=0, CPUs=128, Nodes=1
[    0.000000] Hierarchical RCU implementation.
[    0.000000] 	RCU dyntick-idle grace-period acceleration is enabled.
[    0.000000] 	RCU restricting CPUs from NR_CPUS=256 to nr_cpu_ids=128.
[    0.000000] 	Offload RCU callbacks from all CPUs
[    0.000000] 	Offload RCU callbacks from CPUs: 0-127.
[    0.000000] NR_IRQS:16640 nr_irqs:1704 16
[    0.000000] Console: colour VGA+ 80x25
[    0.000000] console [tty0] enabled
[    0.000000] allocated 8388608 bytes of page_cgroup
[    0.000000] please try 'cgroup_disable=memory' option if you don't want memory cgroups
[    0.000000] hpet clockevent registered
[    0.000000] TSC freq read from hypervisor : 3701.000 MHz
[    0.000000] tsc: Detected 3701.000 MHz processor
[    0.000026] Calibrating delay loop (skipped) preset value.. 7402.00 BogoMIPS (lpj=14804000)
[    0.000029] pid_max: default: 131072 minimum: 1024
[    0.000095] Security Framework initialized
[    0.001285] AppArmor: AppArmor initialized
[    0.001286] Yama: becoming mindful.
[    0.001423] Dentry cache hash table entries: 262144 (order: 9, 2097152 bytes)
[    0.002044] Inode-cache hash table entries: 131072 (order: 8, 1048576 bytes)
[    0.002416] Mount-cache hash table entries: 4096 (order: 3, 32768 bytes)
[    0.002418] Mountpoint-cache hash table entries: 4096 (order: 3, 32768 bytes)
[    0.002831] Initializing cgroup subsys memory
[    0.002839] Initializing cgroup subsys devices
[    0.002840] Initializing cgroup subsys freezer
[    0.002841] Initializing cgroup subsys blkio
[    0.002842] Initializing cgroup subsys perf_event
[    0.002845] Initializing cgroup subsys hugetlb
[    0.002892] Disabled fast string operations
[    0.002894] CPU: Physical Processor ID: 0
[    0.002895] CPU: Processor Core ID: 0
[    0.002902] ENERGY_PERF_BIAS: Set to 'normal', was 'performance'
[    0.002902] ENERGY_PERF_BIAS: View and update with x86_energy_perf_policy(8)
[    0.002905] mce: CPU supports 0 MCE banks
[    0.002941] Last level iTLB entries: 4KB 512, 2MB 0, 4MB 0
[    0.002941] Last level dTLB entries: 4KB 512, 2MB 32, 4MB 32
[    0.002941] tlb_flushall_shift: 5
[    0.003070] Freeing SMP alternatives memory: 32K (ffffffff81e6b000 - ffffffff81e73000)
[    0.005545] ACPI: Core revision 20131115
[    0.012616] ACPI: All ACPI Tables successfully acquired
[    0.014778] ftrace: allocating 28408 entries in 111 pages
[    0.039812] Enabling x2apic
[    0.040826] Enabled x2apic
[    0.041265] Switched APIC routing to physical x2apic.
[    0.043060] ..TIMER: vector=0x30 apic1=0 pin1=2 apic2=-1 pin2=-1
[    0.082837] smpboot: CPU0: Intel(R) Core(TM) i7-2600 CPU @ 3.40GHz (fam: 06, model: 2a, stepping: 07)
[    0.082965] TSC deadline timer enabled
[    0.088489] Performance Events: 16-deep LBR, SandyBridge events, core PMU driver.
[    0.088517] perf_event_intel: CPUID marked event: 'cpu cycles' unavailable
[    0.088518] perf_event_intel: CPUID marked event: 'instructions' unavailable
[    0.088519] perf_event_intel: CPUID marked event: 'bus cycles' unavailable
[    0.088519] perf_event_intel: CPUID marked event: 'cache references' unavailable
[    0.088520] perf_event_intel: CPUID marked event: 'cache misses' unavailable
[    0.088521] perf_event_intel: CPUID marked event: 'branch instructions' unavailable
[    0.088521] perf_event_intel: CPUID marked event: 'branch misses' unavailable
[    0.088524] ... version:                1
[    0.088525] ... bit width:              48
[    0.088525] ... generic registers:      4
[    0.088526] ... value mask:             0000ffffffffffff
[    0.088527] ... max period:             000000007fffffff
[    0.088527] ... fixed-purpose events:   0
[    0.088528] ... event mask:             000000000000000f
[    0.096621] NMI watchdog: disabled (cpu0): hardware events not enabled
[    0.096746] x86: Booting SMP configuration:
[    0.108218] Disabled fast string operations
[    0.108228] mce: CPU supports 0 MCE banks
[    0.119963] Disabled fast string operations
[    0.119973] mce: CPU supports 0 MCE banks
[    0.131805] Disabled fast string operations
[    0.131813] mce: CPU supports 0 MCE banks
[    0.096748] .... node  #0, CPUs:          #1   #2   #3
[    0.132001] x86: Booted up 1 node, 4 CPUs
[    0.132004] smpboot: Total of 4 processors activated (29608.00 BogoMIPS)
[    0.134023] devtmpfs: initialized
[    0.135661] EVM: security.selinux
[    0.135663] EVM: security.SMACK64
[    0.135664] EVM: security.ima
[    0.135665] EVM: security.capability
[    0.135817] PM: Registering ACPI NVS region [mem 0x7feff000-0x7fefffff] (4096 bytes)
[    0.136661] pinctrl core: initialized pinctrl subsystem
[    0.136718] regulator-dummy: no parameters
[    0.136815] RTC time:  5:01:05, date: 12/23/16
[    0.136940] NET: Registered protocol family 16
[    0.137014] cpuidle: using governor ladder
[    0.137015] cpuidle: using governor menu
[    0.137039] ACPI: bus type PCI registered
[    0.137040] acpiphp: ACPI Hot Plug PCI Controller Driver version: 0.5
[    0.137214] PCI: MMCONFIG for domain 0000 [bus 00-7f] at [mem 0xf0000000-0xf7ffffff] (base 0xf0000000)
[    0.137217] PCI: MMCONFIG at [mem 0xf0000000-0xf7ffffff] reserved in E820
[    0.143070] PCI: Using configuration type 1 for base access
[    0.144175] bio: create slab <bio-0> at 0
[    0.145019] ACPI: Added _OSI(Module Device)
[    0.145021] ACPI: Added _OSI(Processor Device)
[    0.145022] ACPI: Added _OSI(3.0 _SCP Extensions)
[    0.145023] ACPI: Added _OSI(Processor Aggregator Device)
[    0.153872] [Firmware Bug]: ACPI: BIOS _OSI(Linux) query ignored
[    0.810518] ACPI: Interpreter enabled
[    0.810534] ACPI Exception: AE_NOT_FOUND, While evaluating Sleep State [\_S2_] (20131115/hwxface-580)
[    0.810539] ACPI Exception: AE_NOT_FOUND, While evaluating Sleep State [\_S3_] (20131115/hwxface-580)
[    0.810550] ACPI: (supports S0 S1 S4 S5)
[    0.810553] ACPI: Using IOAPIC for interrupt routing
[    0.810593] PCI: Using host bridge windows from ACPI; if necessary, use "pci=nocrs" and report a bug
[    0.842675] ACPI: No dock devices found.
[    1.194077] ACPI: PCI Root Bridge [PCI0] (domain 0000 [bus 00-7f])
[    1.194089] acpi PNP0A03:00: _OSC: OS supports [ExtendedConfig ASPM ClockPM Segments MSI]
[    1.194432] acpi PNP0A03:00: _OSC: platform does not support [AER]
[    1.194697] acpi PNP0A03:00: _OSC: OS now controls [PCIeHotplug PME PCIeCapability]
[    1.199170] PCI host bridge to bus 0000:00
[    1.199177] pci_bus 0000:00: root bus resource [bus 00-7f]
[    1.199181] pci_bus 0000:00: root bus resource [mem 0x000a0000-0x000bffff]
[    1.199183] pci_bus 0000:00: root bus resource [mem 0x000d0000-0x000d3fff]
[    1.199185] pci_bus 0000:00: root bus resource [mem 0x000d4000-0x000d7fff]
[    1.199187] pci_bus 0000:00: root bus resource [mem 0x000d8000-0x000dbfff]
[    1.199189] pci_bus 0000:00: root bus resource [mem 0xc0000000-0xfebfffff]
[    1.199192] pci_bus 0000:00: root bus resource [io  0x0000-0x0cf7]
[    1.199194] pci_bus 0000:00: root bus resource [io  0x0d00-0xfeff]
[    1.199340] pci 0000:00:00.0: [8086:7190] type 00 class 0x060000
[    1.200355] pci 0000:00:01.0: [8086:7191] type 01 class 0x060400
[    1.201255] pci 0000:00:07.0: [8086:7110] type 00 class 0x060100
[    1.202495] pci 0000:00:07.1: [8086:7111] type 00 class 0x01018a
[    1.205887] pci 0000:00:07.1: reg 0x20: [io  0x1060-0x106f]
[    1.207682] pci 0000:00:07.3: [8086:7113] type 00 class 0x068000
[    1.211482] pci 0000:00:07.3: quirk: [io  0x1000-0x103f] claimed by PIIX4 ACPI
[    1.211513] pci 0000:00:07.3: quirk: [io  0x1040-0x104f] claimed by PIIX4 SMB
[    1.212147] pci 0000:00:07.7: [15ad:0740] type 00 class 0x088000
[    1.213592] pci 0000:00:07.7: reg 0x10: [io  0x1080-0x10bf]
[    1.215110] pci 0000:00:07.7: reg 0x14: [mem 0xfebfe000-0xfebfffff 64bit]
[    1.221314] pci 0000:00:0f.0: [15ad:0405] type 00 class 0x030000
[    1.239329] pci 0000:00:0f.0: reg 0x10: [io  0x1070-0x107f]
[    1.252140] pci 0000:00:0f.0: reg 0x14: [mem 0xe8000000-0xefffffff pref]
[    1.264555] pci 0000:00:0f.0: reg 0x18: [mem 0xfe000000-0xfe7fffff]
[    1.315254] pci 0000:00:0f.0: reg 0x30: [mem 0x00000000-0x00007fff pref]
[    1.315760] pci 0000:00:10.0: [1000:0030] type 00 class 0x010000
[    1.316997] pci 0000:00:10.0: reg 0x10: [io  0x1400-0x14ff]
[    1.317987] pci 0000:00:10.0: reg 0x14: [mem 0xfeba0000-0xfebbffff 64bit]
[    1.319138] pci 0000:00:10.0: reg 0x1c: [mem 0xfebc0000-0xfebdffff 64bit]
[    1.321012] pci 0000:00:10.0: reg 0x30: [mem 0x00000000-0x00003fff pref]
[    1.321355] pci 0000:00:11.0: [15ad:0790] type 01 class 0x060401
[    1.321839] pci 0000:00:11.0: System wakeup disabled by ACPI
[    1.321982] pci 0000:00:15.0: [15ad:07a0] type 01 class 0x060400
[    1.322540] pci 0000:00:15.0: PME# supported from D0 D3hot D3cold
[    1.322702] pci 0000:00:15.0: System wakeup disabled by ACPI
[    1.322831] pci 0000:00:15.1: [15ad:07a0] type 01 class 0x060400
[    1.323379] pci 0000:00:15.1: PME# supported from D0 D3hot D3cold
[    1.323546] pci 0000:00:15.1: System wakeup disabled by ACPI
[    1.323660] pci 0000:00:15.2: [15ad:07a0] type 01 class 0x060400
[    1.324365] pci 0000:00:15.2: PME# supported from D0 D3hot D3cold
[    1.324526] pci 0000:00:15.2: System wakeup disabled by ACPI
[    1.324642] pci 0000:00:15.3: [15ad:07a0] type 01 class 0x060400
[    1.325181] pci 0000:00:15.3: PME# supported from D0 D3hot D3cold
[    1.325344] pci 0000:00:15.3: System wakeup disabled by ACPI
[    1.325457] pci 0000:00:15.4: [15ad:07a0] type 01 class 0x060400
[    1.326003] pci 0000:00:15.4: PME# supported from D0 D3hot D3cold
[    1.326162] pci 0000:00:15.4: System wakeup disabled by ACPI
[    1.326286] pci 0000:00:15.5: [15ad:07a0] type 01 class 0x060400
[    1.326845] pci 0000:00:15.5: PME# supported from D0 D3hot D3cold
[    1.327005] pci 0000:00:15.5: System wakeup disabled by ACPI
[    1.327166] pci 0000:00:15.6: [15ad:07a0] type 01 class 0x060400
[    1.327707] pci 0000:00:15.6: PME# supported from D0 D3hot D3cold
[    1.327872] pci 0000:00:15.6: System wakeup disabled by ACPI
[    1.328008] pci 0000:00:15.7: [15ad:07a0] type 01 class 0x060400
[    1.328549] pci 0000:00:15.7: PME# supported from D0 D3hot D3cold
[    1.328709] pci 0000:00:15.7: System wakeup disabled by ACPI
[    1.328852] pci 0000:00:16.0: [15ad:07a0] type 01 class 0x060400
[    1.329398] pci 0000:00:16.0: PME# supported from D0 D3hot D3cold
[    1.329554] pci 0000:00:16.0: System wakeup disabled by ACPI
[    1.329667] pci 0000:00:16.1: [15ad:07a0] type 01 class 0x060400
[    1.330212] pci 0000:00:16.1: PME# supported from D0 D3hot D3cold
[    1.330368] pci 0000:00:16.1: System wakeup disabled by ACPI
[    1.330480] pci 0000:00:16.2: [15ad:07a0] type 01 class 0x060400
[    1.331177] pci 0000:00:16.2: PME# supported from D0 D3hot D3cold
[    1.331337] pci 0000:00:16.2: System wakeup disabled by ACPI
[    1.331476] pci 0000:00:16.3: [15ad:07a0] type 01 class 0x060400
[    1.332073] pci 0000:00:16.3: PME# supported from D0 D3hot D3cold
[    1.332239] pci 0000:00:16.3: System wakeup disabled by ACPI
[    1.332394] pci 0000:00:16.4: [15ad:07a0] type 01 class 0x060400
[    1.332968] pci 0000:00:16.4: PME# supported from D0 D3hot D3cold
[    1.333136] pci 0000:00:16.4: System wakeup disabled by ACPI
[    1.333282] pci 0000:00:16.5: [15ad:07a0] type 01 class 0x060400
[    1.333824] pci 0000:00:16.5: PME# supported from D0 D3hot D3cold
[    1.333984] pci 0000:00:16.5: System wakeup disabled by ACPI
[    1.334099] pci 0000:00:16.6: [15ad:07a0] type 01 class 0x060400
[    1.334651] pci 0000:00:16.6: PME# supported from D0 D3hot D3cold
[    1.334816] pci 0000:00:16.6: System wakeup disabled by ACPI
[    1.334933] pci 0000:00:16.7: [15ad:07a0] type 01 class 0x060400
[    1.335474] pci 0000:00:16.7: PME# supported from D0 D3hot D3cold
[    1.335633] pci 0000:00:16.7: System wakeup disabled by ACPI
[    1.335774] pci 0000:00:17.0: [15ad:07a0] type 01 class 0x060400
[    1.336314] pci 0000:00:17.0: PME# supported from D0 D3hot D3cold
[    1.336473] pci 0000:00:17.0: System wakeup disabled by ACPI
[    1.336610] pci 0000:00:17.1: [15ad:07a0] type 01 class 0x060400
[    1.337159] pci 0000:00:17.1: PME# supported from D0 D3hot D3cold
[    1.337319] pci 0000:00:17.1: System wakeup disabled by ACPI
[    1.337440] pci 0000:00:17.2: [15ad:07a0] type 01 class 0x060400
[    1.337995] pci 0000:00:17.2: PME# supported from D0 D3hot D3cold
[    1.338151] pci 0000:00:17.2: System wakeup disabled by ACPI
[    1.338263] pci 0000:00:17.3: [15ad:07a0] type 01 class 0x060400
[    1.338840] pci 0000:00:17.3: PME# supported from D0 D3hot D3cold
[    1.339037] pci 0000:00:17.3: System wakeup disabled by ACPI
[    1.339155] pci 0000:00:17.4: [15ad:07a0] type 01 class 0x060400
[    1.339736] pci 0000:00:17.4: PME# supported from D0 D3hot D3cold
[    1.339897] pci 0000:00:17.4: System wakeup disabled by ACPI
[    1.340021] pci 0000:00:17.5: [15ad:07a0] type 01 class 0x060400
[    1.340560] pci 0000:00:17.5: PME# supported from D0 D3hot D3cold
[    1.340750] pci 0000:00:17.5: System wakeup disabled by ACPI
[    1.340874] pci 0000:00:17.6: [15ad:07a0] type 01 class 0x060400
[    1.341411] pci 0000:00:17.6: PME# supported from D0 D3hot D3cold
[    1.341571] pci 0000:00:17.6: System wakeup disabled by ACPI
[    1.341707] pci 0000:00:17.7: [15ad:07a0] type 01 class 0x060400
[    1.342261] pci 0000:00:17.7: PME# supported from D0 D3hot D3cold
[    1.342421] pci 0000:00:17.7: System wakeup disabled by ACPI
[    1.342537] pci 0000:00:18.0: [15ad:07a0] type 01 class 0x060400
[    1.343085] pci 0000:00:18.0: PME# supported from D0 D3hot D3cold
[    1.343244] pci 0000:00:18.0: System wakeup disabled by ACPI
[    1.343360] pci 0000:00:18.1: [15ad:07a0] type 01 class 0x060400
[    1.343925] pci 0000:00:18.1: PME# supported from D0 D3hot D3cold
[    1.344077] pci 0000:00:18.1: System wakeup disabled by ACPI
[    1.344188] pci 0000:00:18.2: [15ad:07a0] type 01 class 0x060400
[    1.344698] pci 0000:00:18.2: PME# supported from D0 D3hot D3cold
[    1.344878] pci 0000:00:18.2: System wakeup disabled by ACPI
[    1.345005] pci 0000:00:18.3: [15ad:07a0] type 01 class 0x060400
[    1.345515] pci 0000:00:18.3: PME# supported from D0 D3hot D3cold
[    1.345666] pci 0000:00:18.3: System wakeup disabled by ACPI
[    1.345791] pci 0000:00:18.4: [15ad:07a0] type 01 class 0x060400
[    1.346317] pci 0000:00:18.4: PME# supported from D0 D3hot D3cold
[    1.346467] pci 0000:00:18.4: System wakeup disabled by ACPI
[    1.346608] pci 0000:00:18.5: [15ad:07a0] type 01 class 0x060400
[    1.347171] pci 0000:00:18.5: PME# supported from D0 D3hot D3cold
[    1.347402] pci 0000:00:18.5: System wakeup disabled by ACPI
[    1.347567] pci 0000:00:18.6: [15ad:07a0] type 01 class 0x060400
[    1.348136] pci 0000:00:18.6: PME# supported from D0 D3hot D3cold
[    1.348308] pci 0000:00:18.6: System wakeup disabled by ACPI
[    1.348451] pci 0000:00:18.7: [15ad:07a0] type 01 class 0x060400
[    1.349001] pci 0000:00:18.7: PME# supported from D0 D3hot D3cold
[    1.349161] pci 0000:00:18.7: System wakeup disabled by ACPI
[    1.349551] pci 0000:00:01.0: PCI bridge to [bus 01]
[    1.349865] acpiphp: Slot [32] registered
[    1.349892] acpiphp: Slot [33] registered
[    1.349911] acpiphp: Slot [34] registered
[    1.349928] acpiphp: Slot [35] registered
[    1.349950] acpiphp: Slot [36] registered
[    1.349967] acpiphp: Slot [37] registered
[    1.349986] acpiphp: Slot [38] registered
[    1.350028] acpiphp: Slot [39] registered
[    1.350046] acpiphp: Slot [40] registered
[    1.350064] acpiphp: Slot [41] registered
[    1.350087] acpiphp: Slot [42] registered
[    1.350105] acpiphp: Slot [43] registered
[    1.350122] acpiphp: Slot [44] registered
[    1.350142] acpiphp: Slot [45] registered
[    1.350163] acpiphp: Slot [46] registered
[    1.350180] acpiphp: Slot [47] registered
[    1.350197] acpiphp: Slot [48] registered
[    1.350213] acpiphp: Slot [49] registered
[    1.350230] acpiphp: Slot [50] registered
[    1.350246] acpiphp: Slot [51] registered
[    1.350263] acpiphp: Slot [52] registered
[    1.350301] acpiphp: Slot [53] registered
[    1.350320] acpiphp: Slot [54] registered
[    1.350337] acpiphp: Slot [55] registered
[    1.350353] acpiphp: Slot [56] registered
[    1.350370] acpiphp: Slot [57] registered
[    1.350387] acpiphp: Slot [58] registered
[    1.350403] acpiphp: Slot [59] registered
[    1.350425] acpiphp: Slot [60] registered
[    1.350442] acpiphp: Slot [61] registered
[    1.350459] acpiphp: Slot [62] registered
[    1.350476] acpiphp: Slot [63] registered
[    1.350542] pci 0000:02:00.0: [15ad:0774] type 00 class 0x0c0300
[    1.352055] pci 0000:02:00.0: reg 0x20: [io  0x2080-0x209f]
[    1.352768] pci 0000:02:00.0: System wakeup disabled by ACPI
[    1.352872] pci 0000:02:01.0: [8086:100f] type 00 class 0x020000
[    1.353927] pci 0000:02:01.0: reg 0x10: [mem 0xfd5c0000-0xfd5dffff 64bit]
[    1.354873] pci 0000:02:01.0: reg 0x18: [mem 0xfdff0000-0xfdffffff 64bit]
[    1.355778] pci 0000:02:01.0: reg 0x20: [io  0x2000-0x203f]
[    1.357565] pci 0000:02:01.0: reg 0x30: [mem 0x00000000-0x0000ffff pref]
[    1.357862] pci 0000:02:01.0: System wakeup disabled by ACPI
[    1.357943] pci 0000:02:02.0: [1274:1371] type 00 class 0x040100
[    1.358257] pci 0000:02:02.0: reg 0x10: [io  0x2040-0x207f]
[    1.360073] pci 0000:02:02.0: System wakeup disabled by ACPI
[    1.360181] pci 0000:02:03.0: [15ad:0770] type 00 class 0x0c0320
[    1.360646] pci 0000:02:03.0: reg 0x10: [mem 0xfd5ef000-0xfd5effff]
[    1.363593] pci 0000:02:03.0: System wakeup disabled by ACPI
[    1.363791] pci 0000:02:05.0: [15ad:07e0] type 00 class 0x010601
[    1.367087] pci 0000:02:05.0: reg 0x24: [mem 0xfd5ee000-0xfd5eefff]
[    1.367616] pci 0000:02:05.0: reg 0x30: [mem 0x00000000-0x0000ffff pref]
[    1.367981] pci 0000:02:05.0: PME# supported from D3hot
[    1.368148] pci 0000:02:05.0: System wakeup disabled by ACPI
[    1.368419] pci 0000:00:11.0: PCI bridge to [bus 02] (subtractive decode)
[    1.368438] pci 0000:00:11.0:   bridge window [io  0x2000-0x3fff]
[    1.368456] pci 0000:00:11.0:   bridge window [mem 0xfd500000-0xfdffffff]
[    1.368488] pci 0000:00:11.0:   bridge window [mem 0xe7b00000-0xe7ffffff 64bit pref]
[    1.368489] pci 0000:00:11.0:   bridge window [mem 0x000a0000-0x000bffff] (subtractive decode)
[    1.368490] pci 0000:00:11.0:   bridge window [mem 0x000d0000-0x000d3fff] (subtractive decode)
[    1.368491] pci 0000:00:11.0:   bridge window [mem 0x000d4000-0x000d7fff] (subtractive decode)
[    1.368492] pci 0000:00:11.0:   bridge window [mem 0x000d8000-0x000dbfff] (subtractive decode)
[    1.368493] pci 0000:00:11.0:   bridge window [mem 0xc0000000-0xfebfffff] (subtractive decode)
[    1.368494] pci 0000:00:11.0:   bridge window [io  0x0000-0x0cf7] (subtractive decode)
[    1.368495] pci 0000:00:11.0:   bridge window [io  0x0d00-0xfeff] (subtractive decode)
[    1.368889] pci 0000:00:15.0: PCI bridge to [bus 03]
[    1.368909] pci 0000:00:15.0:   bridge window [io  0x4000-0x4fff]
[    1.368930] pci 0000:00:15.0:   bridge window [mem 0xfd400000-0xfd4fffff]
[    1.368963] pci 0000:00:15.0:   bridge window [mem 0xe7a00000-0xe7afffff 64bit pref]
[    1.369374] pci 0000:00:15.1: PCI bridge to [bus 04]
[    1.369393] pci 0000:00:15.1:   bridge window [io  0x8000-0x8fff]
[    1.369410] pci 0000:00:15.1:   bridge window [mem 0xfd000000-0xfd0fffff]
[    1.369443] pci 0000:00:15.1:   bridge window [mem 0xe7600000-0xe76fffff 64bit pref]
[    1.369780] pci 0000:00:15.2: PCI bridge to [bus 05]
[    1.369797] pci 0000:00:15.2:   bridge window [io  0xc000-0xcfff]
[    1.369815] pci 0000:00:15.2:   bridge window [mem 0xfcc00000-0xfccfffff]
[    1.369847] pci 0000:00:15.2:   bridge window [mem 0xe7200000-0xe72fffff 64bit pref]
[    1.370177] pci 0000:00:15.3: PCI bridge to [bus 06]
[    1.370209] pci 0000:00:15.3:   bridge window [mem 0xfc800000-0xfc8fffff]
[    1.370242] pci 0000:00:15.3:   bridge window [mem 0xe6e00000-0xe6efffff 64bit pref]
[    1.370563] pci 0000:00:15.4: PCI bridge to [bus 07]
[    1.370595] pci 0000:00:15.4:   bridge window [mem 0xfc400000-0xfc4fffff]
[    1.370627] pci 0000:00:15.4:   bridge window [mem 0xe6a00000-0xe6afffff 64bit pref]
[    1.370965] pci 0000:00:15.5: PCI bridge to [bus 08]
[    1.370997] pci 0000:00:15.5:   bridge window [mem 0xfc000000-0xfc0fffff]
[    1.371029] pci 0000:00:15.5:   bridge window [mem 0xe6600000-0xe66fffff 64bit pref]
[    1.371377] pci 0000:00:15.6: PCI bridge to [bus 09]
[    1.371410] pci 0000:00:15.6:   bridge window [mem 0xfbc00000-0xfbcfffff]
[    1.371441] pci 0000:00:15.6:   bridge window [mem 0xe6200000-0xe62fffff 64bit pref]
[    1.371765] pci 0000:00:15.7: PCI bridge to [bus 0a]
[    1.371797] pci 0000:00:15.7:   bridge window [mem 0xfb800000-0xfb8fffff]
[    1.371839] pci 0000:00:15.7:   bridge window [mem 0xe5e00000-0xe5efffff 64bit pref]
[    1.372177] pci 0000:00:16.0: PCI bridge to [bus 0b]
[    1.372194] pci 0000:00:16.0:   bridge window [io  0x5000-0x5fff]
[    1.372211] pci 0000:00:16.0:   bridge window [mem 0xfd300000-0xfd3fffff]
[    1.372242] pci 0000:00:16.0:   bridge window [mem 0xe7900000-0xe79fffff 64bit pref]
[    1.372574] pci 0000:00:16.1: PCI bridge to [bus 0c]
[    1.372591] pci 0000:00:16.1:   bridge window [io  0x9000-0x9fff]
[    1.372608] pci 0000:00:16.1:   bridge window [mem 0xfcf00000-0xfcffffff]
[    1.372640] pci 0000:00:16.1:   bridge window [mem 0xe7500000-0xe75fffff 64bit pref]
[    1.372979] pci 0000:00:16.2: PCI bridge to [bus 0d]
[    1.372996] pci 0000:00:16.2:   bridge window [io  0xd000-0xdfff]
[    1.373013] pci 0000:00:16.2:   bridge window [mem 0xfcb00000-0xfcbfffff]
[    1.373044] pci 0000:00:16.2:   bridge window [mem 0xe7100000-0xe71fffff 64bit pref]
[    1.373374] pci 0000:00:16.3: PCI bridge to [bus 0e]
[    1.373406] pci 0000:00:16.3:   bridge window [mem 0xfc700000-0xfc7fffff]
[    1.373437] pci 0000:00:16.3:   bridge window [mem 0xe6d00000-0xe6dfffff 64bit pref]
[    1.373767] pci 0000:00:16.4: PCI bridge to [bus 0f]
[    1.373798] pci 0000:00:16.4:   bridge window [mem 0xfc300000-0xfc3fffff]
[    1.373846] pci 0000:00:16.4:   bridge window [mem 0xe6900000-0xe69fffff 64bit pref]
[    1.374189] pci 0000:00:16.5: PCI bridge to [bus 10]
[    1.374220] pci 0000:00:16.5:   bridge window [mem 0xfbf00000-0xfbffffff]
[    1.374251] pci 0000:00:16.5:   bridge window [mem 0xe6500000-0xe65fffff 64bit pref]
[    1.374569] pci 0000:00:16.6: PCI bridge to [bus 11]
[    1.374600] pci 0000:00:16.6:   bridge window [mem 0xfbb00000-0xfbbfffff]
[    1.374631] pci 0000:00:16.6:   bridge window [mem 0xe6100000-0xe61fffff 64bit pref]
[    1.374967] pci 0000:00:16.7: PCI bridge to [bus 12]
[    1.374998] pci 0000:00:16.7:   bridge window [mem 0xfb700000-0xfb7fffff]
[    1.375029] pci 0000:00:16.7:   bridge window [mem 0xe5d00000-0xe5dfffff 64bit pref]
[    1.375359] pci 0000:00:17.0: PCI bridge to [bus 13]
[    1.375376] pci 0000:00:17.0:   bridge window [io  0x6000-0x6fff]
[    1.375393] pci 0000:00:17.0:   bridge window [mem 0xfd200000-0xfd2fffff]
[    1.375424] pci 0000:00:17.0:   bridge window [mem 0xe7800000-0xe78fffff 64bit pref]
[    1.375746] pci 0000:00:17.1: PCI bridge to [bus 14]
[    1.375762] pci 0000:00:17.1:   bridge window [io  0xa000-0xafff]
[    1.375779] pci 0000:00:17.1:   bridge window [mem 0xfce00000-0xfcefffff]
[    1.375810] pci 0000:00:17.1:   bridge window [mem 0xe7400000-0xe74fffff 64bit pref]
[    1.376140] pci 0000:00:17.2: PCI bridge to [bus 15]
[    1.376157] pci 0000:00:17.2:   bridge window [io  0xe000-0xefff]
[    1.376173] pci 0000:00:17.2:   bridge window [mem 0xfca00000-0xfcafffff]
[    1.376204] pci 0000:00:17.2:   bridge window [mem 0xe7000000-0xe70fffff 64bit pref]
[    1.376523] pci 0000:00:17.3: PCI bridge to [bus 16]
[    1.376554] pci 0000:00:17.3:   bridge window [mem 0xfc600000-0xfc6fffff]
[    1.376585] pci 0000:00:17.3:   bridge window [mem 0xe6c00000-0xe6cfffff 64bit pref]
[    1.376946] pci 0000:00:17.4: PCI bridge to [bus 17]
[    1.376977] pci 0000:00:17.4:   bridge window [mem 0xfc200000-0xfc2fffff]
[    1.377007] pci 0000:00:17.4:   bridge window [mem 0xe6800000-0xe68fffff 64bit pref]
[    1.377413] pci 0000:00:17.5: PCI bridge to [bus 18]
[    1.377459] pci 0000:00:17.5:   bridge window [mem 0xfbe00000-0xfbefffff]
[    1.377490] pci 0000:00:17.5:   bridge window [mem 0xe6400000-0xe64fffff 64bit pref]
[    1.377959] pci 0000:00:17.6: PCI bridge to [bus 19]
[    1.377991] pci 0000:00:17.6:   bridge window [mem 0xfba00000-0xfbafffff]
[    1.378030] pci 0000:00:17.6:   bridge window [mem 0xe6000000-0xe60fffff 64bit pref]
[    1.378352] pci 0000:00:17.7: PCI bridge to [bus 1a]
[    1.378384] pci 0000:00:17.7:   bridge window [mem 0xfb600000-0xfb6fffff]
[    1.378416] pci 0000:00:17.7:   bridge window [mem 0xe5c00000-0xe5cfffff 64bit pref]
[    1.378742] pci 0000:00:18.0: PCI bridge to [bus 1b]
[    1.378759] pci 0000:00:18.0:   bridge window [io  0x7000-0x7fff]
[    1.378776] pci 0000:00:18.0:   bridge window [mem 0xfd100000-0xfd1fffff]
[    1.378808] pci 0000:00:18.0:   bridge window [mem 0xe7700000-0xe77fffff 64bit pref]
[    1.379139] pci 0000:00:18.1: PCI bridge to [bus 1c]
[    1.379156] pci 0000:00:18.1:   bridge window [io  0xb000-0xbfff]
[    1.379182] pci 0000:00:18.1:   bridge window [mem 0xfcd00000-0xfcdfffff]
[    1.379216] pci 0000:00:18.1:   bridge window [mem 0xe7300000-0xe73fffff 64bit pref]
[    1.379541] pci 0000:00:18.2: PCI bridge to [bus 1d]
[    1.379572] pci 0000:00:18.2:   bridge window [mem 0xfc900000-0xfc9fffff]
[    1.379604] pci 0000:00:18.2:   bridge window [mem 0xe6f00000-0xe6ffffff 64bit pref]
[    1.379939] pci 0000:00:18.3: PCI bridge to [bus 1e]
[    1.379970] pci 0000:00:18.3:   bridge window [mem 0xfc500000-0xfc5fffff]
[    1.380003] pci 0000:00:18.3:   bridge window [mem 0xe6b00000-0xe6bfffff 64bit pref]
[    1.380329] pci 0000:00:18.4: PCI bridge to [bus 1f]
[    1.380361] pci 0000:00:18.4:   bridge window [mem 0xfc100000-0xfc1fffff]
[    1.380392] pci 0000:00:18.4:   bridge window [mem 0xe6700000-0xe67fffff 64bit pref]
[    1.380733] pci 0000:00:18.5: PCI bridge to [bus 20]
[    1.380765] pci 0000:00:18.5:   bridge window [mem 0xfbd00000-0xfbdfffff]
[    1.380797] pci 0000:00:18.5:   bridge window [mem 0xe6300000-0xe63fffff 64bit pref]
[    1.381192] pci 0000:00:18.6: PCI bridge to [bus 21]
[    1.381224] pci 0000:00:18.6:   bridge window [mem 0xfb900000-0xfb9fffff]
[    1.381256] pci 0000:00:18.6:   bridge window [mem 0xe5f00000-0xe5ffffff 64bit pref]
[    1.381595] pci 0000:00:18.7: PCI bridge to [bus 22]
[    1.381626] pci 0000:00:18.7:   bridge window [mem 0xfb500000-0xfb5fffff]
[    1.381657] pci 0000:00:18.7:   bridge window [mem 0xe5b00000-0xe5bfffff 64bit pref]
[    1.383521] ACPI: PCI Interrupt Link [LNKA] (IRQs 3 4 5 6 7 *9 10 11 14 15)
[    1.383592] ACPI: PCI Interrupt Link [LNKB] (IRQs 3 4 5 6 7 9 10 *11 14 15)
[    1.383658] ACPI: PCI Interrupt Link [LNKC] (IRQs 3 4 5 6 7 9 *10 11 14 15)
[    1.383722] ACPI: PCI Interrupt Link [LNKD] (IRQs 3 4 5 6 *7 9 10 11 14 15)
[    1.585839] ACPI: Enabled 2 GPEs in block 00 to 0F
[    1.585852] ACPI: \_SB_.PCI0: notify handler is installed
[    1.586137] Found 1 acpi root devices
[    1.586510] vgaarb: device added: PCI:0000:00:0f.0,decodes=io+mem,owns=io+mem,locks=none
[    1.586524] vgaarb: loaded
[    1.586526] vgaarb: bridge control possible 0000:00:0f.0
[    1.586965] SCSI subsystem initialized
[    1.587428] libata version 3.00 loaded.
[    1.587455] ACPI: bus type USB registered
[    1.587481] usbcore: registered new interface driver usbfs
[    1.587491] usbcore: registered new interface driver hub
[    1.588436] usbcore: registered new device driver usb
[    1.589149] PCI: Using ACPI for IRQ routing
[    1.637875] PCI: pci_cache_line_size set to 64 bytes
[    1.639541] e820: reserve RAM buffer [mem 0x0009e800-0x0009ffff]
[    1.639546] e820: reserve RAM buffer [mem 0x7fee0000-0x7fffffff]
[    1.639753] NetLabel: Initializing
[    1.639756] NetLabel:  domain hash size = 128
[    1.639757] NetLabel:  protocols = UNLABELED CIPSOv4
[    1.639770] NetLabel:  unlabeled traffic allowed by default
[    1.640192] hpet0: at MMIO 0xfed00000, IRQs 2, 8, 0, 0, 0, 0, 0, 0, 0, 0, 0, 0, 0, 0, 0, 0
[    1.640205] hpet0: 16 comparators, 64-bit 14.318180 MHz counter
[    1.642643] Switched to clocksource hpet
[    1.656048] AppArmor: AppArmor Filesystem Enabled
[    1.656078] pnp: PnP ACPI init
[    1.656091] ACPI: bus type PNP registered
[    1.656351] system 00:00: [io  0x1000-0x103f] could not be reserved
[    1.656353] system 00:00: [io  0x1040-0x104f] has been reserved
[    1.656355] system 00:00: [io  0x0cf0-0x0cf1] has been reserved
[    1.656359] system 00:00: Plug and Play ACPI device, IDs PNP0c02 (active)
[    1.656368] pnp 00:01: [dma 4]
[    1.656382] pnp 00:01: Plug and Play ACPI device, IDs PNP0200 (active)
[    1.656400] pnp 00:02: Plug and Play ACPI device, IDs PNP0001 (active)
[    1.656429] pnp 00:03: Plug and Play ACPI device, IDs PNP0b00 (active)
[    1.656446] pnp 00:04: Plug and Play ACPI device, IDs PNP0800 (active)
[    1.656495] pnp 00:05: Plug and Play ACPI device, IDs PNP0303 (active)
[    1.656520] pnp 00:06: Plug and Play ACPI device, IDs VMW0003 PNP0f13 (active)
[    1.656721] system 00:07: [mem 0xfed00000-0xfed003ff] has been reserved
[    1.656723] system 00:07: Plug and Play ACPI device, IDs PNP0103 PNP0c01 (active)
[    1.658139] pnp 00:08: Plug and Play ACPI device, IDs PNP0501 (active)
[    1.658534] system 00:09: [io  0xfce0-0xfcff] has been reserved
[    1.658537] system 00:09: [mem 0xf0000000-0xf7ffffff] has been reserved
[    1.658539] system 00:09: [mem 0xfe800000-0xfe9fffff] has been reserved
[    1.658541] system 00:09: Plug and Play ACPI device, IDs PNP0c02 (active)
[    1.791233] pnp: PnP ACPI: found 10 devices
[    1.791239] ACPI: bus type PNP unregistered
[    1.810220] pci 0000:00:15.3: bridge window [io  0x1000-0x0fff] to [bus 06] add_size 1000
[    1.810327] pci 0000:00:15.4: bridge window [io  0x1000-0x0fff] to [bus 07] add_size 1000
[    1.810444] pci 0000:00:15.5: bridge window [io  0x1000-0x0fff] to [bus 08] add_size 1000
[    1.810547] pci 0000:00:15.6: bridge window [io  0x1000-0x0fff] to [bus 09] add_size 1000
[    1.810650] pci 0000:00:15.7: bridge window [io  0x1000-0x0fff] to [bus 0a] add_size 1000
[    1.811074] pci 0000:00:16.3: bridge window [io  0x1000-0x0fff] to [bus 0e] add_size 1000
[    1.811177] pci 0000:00:16.4: bridge window [io  0x1000-0x0fff] to [bus 0f] add_size 1000
[    1.811281] pci 0000:00:16.5: bridge window [io  0x1000-0x0fff] to [bus 10] add_size 1000
[    1.811385] pci 0000:00:16.6: bridge window [io  0x1000-0x0fff] to [bus 11] add_size 1000
[    1.811490] pci 0000:00:16.7: bridge window [io  0x1000-0x0fff] to [bus 12] add_size 1000
[    1.811887] pci 0000:00:17.3: bridge window [io  0x1000-0x0fff] to [bus 16] add_size 1000
[    1.812017] pci 0000:00:17.4: bridge window [io  0x1000-0x0fff] to [bus 17] add_size 1000
[    1.812122] pci 0000:00:17.5: bridge window [io  0x1000-0x0fff] to [bus 18] add_size 1000
[    1.812226] pci 0000:00:17.6: bridge window [io  0x1000-0x0fff] to [bus 19] add_size 1000
[    1.812329] pci 0000:00:17.7: bridge window [io  0x1000-0x0fff] to [bus 1a] add_size 1000
[    1.812640] pci 0000:00:18.2: bridge window [io  0x1000-0x0fff] to [bus 1d] add_size 1000
[    1.812743] pci 0000:00:18.3: bridge window [io  0x1000-0x0fff] to [bus 1e] add_size 1000
[    1.812847] pci 0000:00:18.4: bridge window [io  0x1000-0x0fff] to [bus 1f] add_size 1000
[    1.812963] pci 0000:00:18.5: bridge window [io  0x1000-0x0fff] to [bus 20] add_size 1000
[    1.813078] pci 0000:00:18.6: bridge window [io  0x1000-0x0fff] to [bus 21] add_size 1000
[    1.813194] pci 0000:00:18.7: bridge window [io  0x1000-0x0fff] to [bus 22] add_size 1000
[    1.813228] pci 0000:00:15.3: res[13]=[io  0x1000-0x0fff] get_res_add_size add_size 1000
[    1.813231] pci 0000:00:15.4: res[13]=[io  0x1000-0x0fff] get_res_add_size add_size 1000
[    1.813233] pci 0000:00:15.5: res[13]=[io  0x1000-0x0fff] get_res_add_size add_size 1000
[    1.813235] pci 0000:00:15.6: res[13]=[io  0x1000-0x0fff] get_res_add_size add_size 1000
[    1.813238] pci 0000:00:15.7: res[13]=[io  0x1000-0x0fff] get_res_add_size add_size 1000
[    1.813240] pci 0000:00:16.3: res[13]=[io  0x1000-0x0fff] get_res_add_size add_size 1000
[    1.813242] pci 0000:00:16.4: res[13]=[io  0x1000-0x0fff] get_res_add_size add_size 1000
[    1.813244] pci 0000:00:16.5: res[13]=[io  0x1000-0x0fff] get_res_add_size add_size 1000
[    1.813247] pci 0000:00:16.6: res[13]=[io  0x1000-0x0fff] get_res_add_size add_size 1000
[    1.813249] pci 0000:00:16.7: res[13]=[io  0x1000-0x0fff] get_res_add_size add_size 1000
[    1.813251] pci 0000:00:17.3: res[13]=[io  0x1000-0x0fff] get_res_add_size add_size 1000
[    1.813253] pci 0000:00:17.4: res[13]=[io  0x1000-0x0fff] get_res_add_size add_size 1000
[    1.813255] pci 0000:00:17.5: res[13]=[io  0x1000-0x0fff] get_res_add_size add_size 1000
[    1.813258] pci 0000:00:17.6: res[13]=[io  0x1000-0x0fff] get_res_add_size add_size 1000
[    1.813260] pci 0000:00:17.7: res[13]=[io  0x1000-0x0fff] get_res_add_size add_size 1000
[    1.813262] pci 0000:00:18.2: res[13]=[io  0x1000-0x0fff] get_res_add_size add_size 1000
[    1.813264] pci 0000:00:18.3: res[13]=[io  0x1000-0x0fff] get_res_add_size add_size 1000
[    1.813266] pci 0000:00:18.4: res[13]=[io  0x1000-0x0fff] get_res_add_size add_size 1000
[    1.813269] pci 0000:00:18.5: res[13]=[io  0x1000-0x0fff] get_res_add_size add_size 1000
[    1.813271] pci 0000:00:18.6: res[13]=[io  0x1000-0x0fff] get_res_add_size add_size 1000
[    1.813273] pci 0000:00:18.7: res[13]=[io  0x1000-0x0fff] get_res_add_size add_size 1000
[    1.813280] pci 0000:00:0f.0: BAR 6: assigned [mem 0xc0000000-0xc0007fff pref]
[    1.813285] pci 0000:00:10.0: BAR 6: assigned [mem 0xc0008000-0xc000bfff pref]
[    1.813290] pci 0000:00:15.3: BAR 13: can't assign io (size 0x1000)
[    1.813294] pci 0000:00:15.4: BAR 13: can't assign io (size 0x1000)
[    1.813297] pci 0000:00:15.5: BAR 13: can't assign io (size 0x1000)
[    1.813300] pci 0000:00:15.6: BAR 13: can't assign io (size 0x1000)
[    1.813303] pci 0000:00:15.7: BAR 13: can't assign io (size 0x1000)
[    1.813306] pci 0000:00:16.3: BAR 13: can't assign io (size 0x1000)
[    1.813308] pci 0000:00:16.4: BAR 13: can't assign io (size 0x1000)
[    1.813311] pci 0000:00:16.5: BAR 13: can't assign io (size 0x1000)
[    1.813314] pci 0000:00:16.6: BAR 13: can't assign io (size 0x1000)
[    1.813317] pci 0000:00:16.7: BAR 13: can't assign io (size 0x1000)
[    1.813320] pci 0000:00:17.3: BAR 13: can't assign io (size 0x1000)
[    1.813323] pci 0000:00:17.4: BAR 13: can't assign io (size 0x1000)
[    1.813326] pci 0000:00:17.5: BAR 13: can't assign io (size 0x1000)
[    1.813329] pci 0000:00:17.6: BAR 13: can't assign io (size 0x1000)
[    1.813332] pci 0000:00:17.7: BAR 13: can't assign io (size 0x1000)
[    1.813335] pci 0000:00:18.2: BAR 13: can't assign io (size 0x1000)
[    1.813338] pci 0000:00:18.3: BAR 13: can't assign io (size 0x1000)
[    1.813341] pci 0000:00:18.4: BAR 13: can't assign io (size 0x1000)
[    1.813344] pci 0000:00:18.5: BAR 13: can't assign io (size 0x1000)
[    1.813346] pci 0000:00:18.6: BAR 13: can't assign io (size 0x1000)
[    1.813349] pci 0000:00:18.7: BAR 13: can't assign io (size 0x1000)
[    1.813356] pci 0000:00:18.7: BAR 13: can't assign io (size 0x1000)
[    1.813359] pci 0000:00:18.6: BAR 13: can't assign io (size 0x1000)
[    1.813362] pci 0000:00:18.5: BAR 13: can't assign io (size 0x1000)
[    1.813365] pci 0000:00:18.4: BAR 13: can't assign io (size 0x1000)
[    1.813369] pci 0000:00:18.3: BAR 13: can't assign io (size 0x1000)
[    1.813372] pci 0000:00:18.2: BAR 13: can't assign io (size 0x1000)
[    1.813374] pci 0000:00:17.7: BAR 13: can't assign io (size 0x1000)
[    1.813377] pci 0000:00:17.6: BAR 13: can't assign io (size 0x1000)
[    1.813380] pci 0000:00:17.5: BAR 13: can't assign io (size 0x1000)
[    1.813383] pci 0000:00:17.4: BAR 13: can't assign io (size 0x1000)
[    1.813386] pci 0000:00:17.3: BAR 13: can't assign io (size 0x1000)
[    1.813389] pci 0000:00:16.7: BAR 13: can't assign io (size 0x1000)
[    1.813392] pci 0000:00:16.6: BAR 13: can't assign io (size 0x1000)
[    1.813434] pci 0000:00:16.5: BAR 13: can't assign io (size 0x1000)
[    1.813438] pci 0000:00:16.4: BAR 13: can't assign io (size 0x1000)
[    1.813440] pci 0000:00:16.3: BAR 13: can't assign io (size 0x1000)
[    1.813444] pci 0000:00:15.7: BAR 13: can't assign io (size 0x1000)
[    1.813446] pci 0000:00:15.6: BAR 13: can't assign io (size 0x1000)
[    1.813449] pci 0000:00:15.5: BAR 13: can't assign io (size 0x1000)
[    1.813452] pci 0000:00:15.4: BAR 13: can't assign io (size 0x1000)
[    1.813455] pci 0000:00:15.3: BAR 13: can't assign io (size 0x1000)
[    1.813459] pci 0000:00:01.0: PCI bridge to [bus 01]
[    1.813637] pci 0000:02:01.0: BAR 6: assigned [mem 0xe7b00000-0xe7b0ffff pref]
[    1.813641] pci 0000:02:05.0: BAR 6: assigned [mem 0xe7b10000-0xe7b1ffff pref]
[    1.813643] pci 0000:00:11.0: PCI bridge to [bus 02]
[    1.813667] pci 0000:00:11.0:   bridge window [io  0x2000-0x3fff]
[    1.813720] pci 0000:00:11.0:   bridge window [mem 0xfd500000-0xfdffffff]
[    1.813757] pci 0000:00:11.0:   bridge window [mem 0xe7b00000-0xe7ffffff 64bit pref]
[    1.813827] pci 0000:00:15.0: PCI bridge to [bus 03]
[    1.813849] pci 0000:00:15.0:   bridge window [io  0x4000-0x4fff]
[    1.813902] pci 0000:00:15.0:   bridge window [mem 0xfd400000-0xfd4fffff]
[    1.813941] pci 0000:00:15.0:   bridge window [mem 0xe7a00000-0xe7afffff 64bit pref]
[    1.814074] pci 0000:00:15.1: PCI bridge to [bus 04]
[    1.814098] pci 0000:00:15.1:   bridge window [io  0x8000-0x8fff]
[    1.814151] pci 0000:00:15.1:   bridge window [mem 0xfd000000-0xfd0fffff]
[    1.814189] pci 0000:00:15.1:   bridge window [mem 0xe7600000-0xe76fffff 64bit pref]
[    1.814282] pci 0000:00:15.2: PCI bridge to [bus 05]
[    1.814306] pci 0000:00:15.2:   bridge window [io  0xc000-0xcfff]
[    1.814359] pci 0000:00:15.2:   bridge window [mem 0xfcc00000-0xfccfffff]
[    1.814397] pci 0000:00:15.2:   bridge window [mem 0xe7200000-0xe72fffff 64bit pref]
[    1.814507] pci 0000:00:15.3: PCI bridge to [bus 06]
[    1.814563] pci 0000:00:15.3:   bridge window [mem 0xfc800000-0xfc8fffff]
[    1.814601] pci 0000:00:15.3:   bridge window [mem 0xe6e00000-0xe6efffff 64bit pref]
[    1.814691] pci 0000:00:15.4: PCI bridge to [bus 07]
[    1.814746] pci 0000:00:15.4:   bridge window [mem 0xfc400000-0xfc4fffff]
[    1.814783] pci 0000:00:15.4:   bridge window [mem 0xe6a00000-0xe6afffff 64bit pref]
[    1.814901] pci 0000:00:15.5: PCI bridge to [bus 08]
[    1.814970] pci 0000:00:15.5:   bridge window [mem 0xfc000000-0xfc0fffff]
[    1.815007] pci 0000:00:15.5:   bridge window [mem 0xe6600000-0xe66fffff 64bit pref]
[    1.815097] pci 0000:00:15.6: PCI bridge to [bus 09]
[    1.815152] pci 0000:00:15.6:   bridge window [mem 0xfbc00000-0xfbcfffff]
[    1.815190] pci 0000:00:15.6:   bridge window [mem 0xe6200000-0xe62fffff 64bit pref]
[    1.815279] pci 0000:00:15.7: PCI bridge to [bus 0a]
[    1.815334] pci 0000:00:15.7:   bridge window [mem 0xfb800000-0xfb8fffff]
[    1.815371] pci 0000:00:15.7:   bridge window [mem 0xe5e00000-0xe5efffff 64bit pref]
[    1.815462] pci 0000:00:16.0: PCI bridge to [bus 0b]
[    1.815486] pci 0000:00:16.0:   bridge window [io  0x5000-0x5fff]
[    1.815539] pci 0000:00:16.0:   bridge window [mem 0xfd300000-0xfd3fffff]
[    1.815576] pci 0000:00:16.0:   bridge window [mem 0xe7900000-0xe79fffff 64bit pref]
[    1.815667] pci 0000:00:16.1: PCI bridge to [bus 0c]
[    1.815690] pci 0000:00:16.1:   bridge window [io  0x9000-0x9fff]
[    1.815743] pci 0000:00:16.1:   bridge window [mem 0xfcf00000-0xfcffffff]
[    1.815781] pci 0000:00:16.1:   bridge window [mem 0xe7500000-0xe75fffff 64bit pref]
[    1.815871] pci 0000:00:16.2: PCI bridge to [bus 0d]
[    1.815894] pci 0000:00:16.2:   bridge window [io  0xd000-0xdfff]
[    1.815948] pci 0000:00:16.2:   bridge window [mem 0xfcb00000-0xfcbfffff]
[    1.815986] pci 0000:00:16.2:   bridge window [mem 0xe7100000-0xe71fffff 64bit pref]
[    1.816076] pci 0000:00:16.3: PCI bridge to [bus 0e]
[    1.816131] pci 0000:00:16.3:   bridge window [mem 0xfc700000-0xfc7fffff]
[    1.816168] pci 0000:00:16.3:   bridge window [mem 0xe6d00000-0xe6dfffff 64bit pref]
[    1.816257] pci 0000:00:16.4: PCI bridge to [bus 0f]
[    1.816313] pci 0000:00:16.4:   bridge window [mem 0xfc300000-0xfc3fffff]
[    1.816350] pci 0000:00:16.4:   bridge window [mem 0xe6900000-0xe69fffff 64bit pref]
[    1.816440] pci 0000:00:16.5: PCI bridge to [bus 10]
[    1.816495] pci 0000:00:16.5:   bridge window [mem 0xfbf00000-0xfbffffff]
[    1.816540] pci 0000:00:16.5:   bridge window [mem 0xe6500000-0xe65fffff 64bit pref]
[    1.816654] pci 0000:00:16.6: PCI bridge to [bus 11]
[    1.816710] pci 0000:00:16.6:   bridge window [mem 0xfbb00000-0xfbbfffff]
[    1.816747] pci 0000:00:16.6:   bridge window [mem 0xe6100000-0xe61fffff 64bit pref]
[    1.816845] pci 0000:00:16.7: PCI bridge to [bus 12]
[    1.816901] pci 0000:00:16.7:   bridge window [mem 0xfb700000-0xfb7fffff]
[    1.816952] pci 0000:00:16.7:   bridge window [mem 0xe5d00000-0xe5dfffff 64bit pref]
[    1.817042] pci 0000:00:17.0: PCI bridge to [bus 13]
[    1.817065] pci 0000:00:17.0:   bridge window [io  0x6000-0x6fff]
[    1.817119] pci 0000:00:17.0:   bridge window [mem 0xfd200000-0xfd2fffff]
[    1.817156] pci 0000:00:17.0:   bridge window [mem 0xe7800000-0xe78fffff 64bit pref]
[    1.817246] pci 0000:00:17.1: PCI bridge to [bus 14]
[    1.817269] pci 0000:00:17.1:   bridge window [io  0xa000-0xafff]
[    1.817322] pci 0000:00:17.1:   bridge window [mem 0xfce00000-0xfcefffff]
[    1.817360] pci 0000:00:17.1:   bridge window [mem 0xe7400000-0xe74fffff 64bit pref]
[    1.817450] pci 0000:00:17.2: PCI bridge to [bus 15]
[    1.817473] pci 0000:00:17.2:   bridge window [io  0xe000-0xefff]
[    1.817526] pci 0000:00:17.2:   bridge window [mem 0xfca00000-0xfcafffff]
[    1.817564] pci 0000:00:17.2:   bridge window [mem 0xe7000000-0xe70fffff 64bit pref]
[    1.817653] pci 0000:00:17.3: PCI bridge to [bus 16]
[    1.817709] pci 0000:00:17.3:   bridge window [mem 0xfc600000-0xfc6fffff]
[    1.817746] pci 0000:00:17.3:   bridge window [mem 0xe6c00000-0xe6cfffff 64bit pref]
[    1.817836] pci 0000:00:17.4: PCI bridge to [bus 17]
[    1.817891] pci 0000:00:17.4:   bridge window [mem 0xfc200000-0xfc2fffff]
[    1.817944] pci 0000:00:17.4:   bridge window [mem 0xe6800000-0xe68fffff 64bit pref]
[    1.818047] pci 0000:00:17.5: PCI bridge to [bus 18]
[    1.818103] pci 0000:00:17.5:   bridge window [mem 0xfbe00000-0xfbefffff]
[    1.818140] pci 0000:00:17.5:   bridge window [mem 0xe6400000-0xe64fffff 64bit pref]
[    1.818229] pci 0000:00:17.6: PCI bridge to [bus 19]
[    1.818285] pci 0000:00:17.6:   bridge window [mem 0xfba00000-0xfbafffff]
[    1.818322] pci 0000:00:17.6:   bridge window [mem 0xe6000000-0xe60fffff 64bit pref]
[    1.818412] pci 0000:00:17.7: PCI bridge to [bus 1a]
[    1.818467] pci 0000:00:17.7:   bridge window [mem 0xfb600000-0xfb6fffff]
[    1.818505] pci 0000:00:17.7:   bridge window [mem 0xe5c00000-0xe5cfffff 64bit pref]
[    1.818594] pci 0000:00:18.0: PCI bridge to [bus 1b]
[    1.818617] pci 0000:00:18.0:   bridge window [io  0x7000-0x7fff]
[    1.818670] pci 0000:00:18.0:   bridge window [mem 0xfd100000-0xfd1fffff]
[    1.818708] pci 0000:00:18.0:   bridge window [mem 0xe7700000-0xe77fffff 64bit pref]
[    1.818798] pci 0000:00:18.1: PCI bridge to [bus 1c]
[    1.818821] pci 0000:00:18.1:   bridge window [io  0xb000-0xbfff]
[    1.818900] pci 0000:00:18.1:   bridge window [mem 0xfcd00000-0xfcdfffff]
[    1.818939] pci 0000:00:18.1:   bridge window [mem 0xe7300000-0xe73fffff 64bit pref]
[    1.819031] pci 0000:00:18.2: PCI bridge to [bus 1d]
[    1.819087] pci 0000:00:18.2:   bridge window [mem 0xfc900000-0xfc9fffff]
[    1.819124] pci 0000:00:18.2:   bridge window [mem 0xe6f00000-0xe6ffffff 64bit pref]
[    1.819214] pci 0000:00:18.3: PCI bridge to [bus 1e]
[    1.819269] pci 0000:00:18.3:   bridge window [mem 0xfc500000-0xfc5fffff]
[    1.819307] pci 0000:00:18.3:   bridge window [mem 0xe6b00000-0xe6bfffff 64bit pref]
[    1.819396] pci 0000:00:18.4: PCI bridge to [bus 1f]
[    1.819451] pci 0000:00:18.4:   bridge window [mem 0xfc100000-0xfc1fffff]
[    1.819489] pci 0000:00:18.4:   bridge window [mem 0xe6700000-0xe67fffff 64bit pref]
[    1.819579] pci 0000:00:18.5: PCI bridge to [bus 20]
[    1.819634] pci 0000:00:18.5:   bridge window [mem 0xfbd00000-0xfbdfffff]
[    1.819671] pci 0000:00:18.5:   bridge window [mem 0xe6300000-0xe63fffff 64bit pref]
[    1.819760] pci 0000:00:18.6: PCI bridge to [bus 21]
[    1.819815] pci 0000:00:18.6:   bridge window [mem 0xfb900000-0xfb9fffff]
[    1.819852] pci 0000:00:18.6:   bridge window [mem 0xe5f00000-0xe5ffffff 64bit pref]
[    1.819947] pci 0000:00:18.7: PCI bridge to [bus 22]
[    1.820010] pci 0000:00:18.7:   bridge window [mem 0xfb500000-0xfb5fffff]
[    1.820048] pci 0000:00:18.7:   bridge window [mem 0xe5b00000-0xe5bfffff 64bit pref]
[    1.820142] pci_bus 0000:00: resource 4 [mem 0x000a0000-0x000bffff]
[    1.820144] pci_bus 0000:00: resource 5 [mem 0x000d0000-0x000d3fff]
[    1.820147] pci_bus 0000:00: resource 6 [mem 0x000d4000-0x000d7fff]
[    1.820149] pci_bus 0000:00: resource 7 [mem 0x000d8000-0x000dbfff]
[    1.820151] pci_bus 0000:00: resource 8 [mem 0xc0000000-0xfebfffff]
[    1.820153] pci_bus 0000:00: resource 9 [io  0x0000-0x0cf7]
[    1.820155] pci_bus 0000:00: resource 10 [io  0x0d00-0xfeff]
[    1.820158] pci_bus 0000:02: resource 0 [io  0x2000-0x3fff]
[    1.820160] pci_bus 0000:02: resource 1 [mem 0xfd500000-0xfdffffff]
[    1.820163] pci_bus 0000:02: resource 2 [mem 0xe7b00000-0xe7ffffff 64bit pref]
[    1.820165] pci_bus 0000:02: resource 4 [mem 0x000a0000-0x000bffff]
[    1.820167] pci_bus 0000:02: resource 5 [mem 0x000d0000-0x000d3fff]
[    1.820169] pci_bus 0000:02: resource 6 [mem 0x000d4000-0x000d7fff]
[    1.820171] pci_bus 0000:02: resource 7 [mem 0x000d8000-0x000dbfff]
[    1.820173] pci_bus 0000:02: resource 8 [mem 0xc0000000-0xfebfffff]
[    1.820175] pci_bus 0000:02: resource 9 [io  0x0000-0x0cf7]
[    1.820178] pci_bus 0000:02: resource 10 [io  0x0d00-0xfeff]
[    1.820180] pci_bus 0000:03: resource 0 [io  0x4000-0x4fff]
[    1.820182] pci_bus 0000:03: resource 1 [mem 0xfd400000-0xfd4fffff]
[    1.820185] pci_bus 0000:03: resource 2 [mem 0xe7a00000-0xe7afffff 64bit pref]
[    1.820187] pci_bus 0000:04: resource 0 [io  0x8000-0x8fff]
[    1.820189] pci_bus 0000:04: resource 1 [mem 0xfd000000-0xfd0fffff]
[    1.820191] pci_bus 0000:04: resource 2 [mem 0xe7600000-0xe76fffff 64bit pref]
[    1.820194] pci_bus 0000:05: resource 0 [io  0xc000-0xcfff]
[    1.820196] pci_bus 0000:05: resource 1 [mem 0xfcc00000-0xfccfffff]
[    1.820198] pci_bus 0000:05: resource 2 [mem 0xe7200000-0xe72fffff 64bit pref]
[    1.820200] pci_bus 0000:06: resource 1 [mem 0xfc800000-0xfc8fffff]
[    1.820202] pci_bus 0000:06: resource 2 [mem 0xe6e00000-0xe6efffff 64bit pref]
[    1.820204] pci_bus 0000:07: resource 1 [mem 0xfc400000-0xfc4fffff]
[    1.820206] pci_bus 0000:07: resource 2 [mem 0xe6a00000-0xe6afffff 64bit pref]
[    1.820209] pci_bus 0000:08: resource 1 [mem 0xfc000000-0xfc0fffff]
[    1.820211] pci_bus 0000:08: resource 2 [mem 0xe6600000-0xe66fffff 64bit pref]
[    1.820213] pci_bus 0000:09: resource 1 [mem 0xfbc00000-0xfbcfffff]
[    1.820215] pci_bus 0000:09: resource 2 [mem 0xe6200000-0xe62fffff 64bit pref]
[    1.820218] pci_bus 0000:0a: resource 1 [mem 0xfb800000-0xfb8fffff]
[    1.820220] pci_bus 0000:0a: resource 2 [mem 0xe5e00000-0xe5efffff 64bit pref]
[    1.820222] pci_bus 0000:0b: resource 0 [io  0x5000-0x5fff]
[    1.820224] pci_bus 0000:0b: resource 1 [mem 0xfd300000-0xfd3fffff]
[    1.820226] pci_bus 0000:0b: resource 2 [mem 0xe7900000-0xe79fffff 64bit pref]
[    1.820228] pci_bus 0000:0c: resource 0 [io  0x9000-0x9fff]
[    1.820230] pci_bus 0000:0c: resource 1 [mem 0xfcf00000-0xfcffffff]
[    1.820233] pci_bus 0000:0c: resource 2 [mem 0xe7500000-0xe75fffff 64bit pref]
[    1.820235] pci_bus 0000:0d: resource 0 [io  0xd000-0xdfff]
[    1.820237] pci_bus 0000:0d: resource 1 [mem 0xfcb00000-0xfcbfffff]
[    1.820239] pci_bus 0000:0d: resource 2 [mem 0xe7100000-0xe71fffff 64bit pref]
[    1.820241] pci_bus 0000:0e: resource 1 [mem 0xfc700000-0xfc7fffff]
[    1.820244] pci_bus 0000:0e: resource 2 [mem 0xe6d00000-0xe6dfffff 64bit pref]
[    1.820246] pci_bus 0000:0f: resource 1 [mem 0xfc300000-0xfc3fffff]
[    1.820248] pci_bus 0000:0f: resource 2 [mem 0xe6900000-0xe69fffff 64bit pref]
[    1.820250] pci_bus 0000:10: resource 1 [mem 0xfbf00000-0xfbffffff]
[    1.820252] pci_bus 0000:10: resource 2 [mem 0xe6500000-0xe65fffff 64bit pref]
[    1.820255] pci_bus 0000:11: resource 1 [mem 0xfbb00000-0xfbbfffff]
[    1.820257] pci_bus 0000:11: resource 2 [mem 0xe6100000-0xe61fffff 64bit pref]
[    1.820259] pci_bus 0000:12: resource 1 [mem 0xfb700000-0xfb7fffff]
[    1.820261] pci_bus 0000:12: resource 2 [mem 0xe5d00000-0xe5dfffff 64bit pref]
[    1.820263] pci_bus 0000:13: resource 0 [io  0x6000-0x6fff]
[    1.820265] pci_bus 0000:13: resource 1 [mem 0xfd200000-0xfd2fffff]
[    1.820267] pci_bus 0000:13: resource 2 [mem 0xe7800000-0xe78fffff 64bit pref]
[    1.820270] pci_bus 0000:14: resource 0 [io  0xa000-0xafff]
[    1.820272] pci_bus 0000:14: resource 1 [mem 0xfce00000-0xfcefffff]
[    1.820274] pci_bus 0000:14: resource 2 [mem 0xe7400000-0xe74fffff 64bit pref]
[    1.820276] pci_bus 0000:15: resource 0 [io  0xe000-0xefff]
[    1.820278] pci_bus 0000:15: resource 1 [mem 0xfca00000-0xfcafffff]
[    1.820280] pci_bus 0000:15: resource 2 [mem 0xe7000000-0xe70fffff 64bit pref]
[    1.820283] pci_bus 0000:16: resource 1 [mem 0xfc600000-0xfc6fffff]
[    1.820285] pci_bus 0000:16: resource 2 [mem 0xe6c00000-0xe6cfffff 64bit pref]
[    1.820287] pci_bus 0000:17: resource 1 [mem 0xfc200000-0xfc2fffff]
[    1.820289] pci_bus 0000:17: resource 2 [mem 0xe6800000-0xe68fffff 64bit pref]
[    1.820291] pci_bus 0000:18: resource 1 [mem 0xfbe00000-0xfbefffff]
[    1.820294] pci_bus 0000:18: resource 2 [mem 0xe6400000-0xe64fffff 64bit pref]
[    1.820296] pci_bus 0000:19: resource 1 [mem 0xfba00000-0xfbafffff]
[    1.820298] pci_bus 0000:19: resource 2 [mem 0xe6000000-0xe60fffff 64bit pref]
[    1.820300] pci_bus 0000:1a: resource 1 [mem 0xfb600000-0xfb6fffff]
[    1.820302] pci_bus 0000:1a: resource 2 [mem 0xe5c00000-0xe5cfffff 64bit pref]
[    1.820304] pci_bus 0000:1b: resource 0 [io  0x7000-0x7fff]
[    1.820307] pci_bus 0000:1b: resource 1 [mem 0xfd100000-0xfd1fffff]
[    1.820309] pci_bus 0000:1b: resource 2 [mem 0xe7700000-0xe77fffff 64bit pref]
[    1.820311] pci_bus 0000:1c: resource 0 [io  0xb000-0xbfff]
[    1.820313] pci_bus 0000:1c: resource 1 [mem 0xfcd00000-0xfcdfffff]
[    1.820315] pci_bus 0000:1c: resource 2 [mem 0xe7300000-0xe73fffff 64bit pref]
[    1.820317] pci_bus 0000:1d: resource 1 [mem 0xfc900000-0xfc9fffff]
[    1.820320] pci_bus 0000:1d: resource 2 [mem 0xe6f00000-0xe6ffffff 64bit pref]
[    1.820322] pci_bus 0000:1e: resource 1 [mem 0xfc500000-0xfc5fffff]
[    1.820324] pci_bus 0000:1e: resource 2 [mem 0xe6b00000-0xe6bfffff 64bit pref]
[    1.820327] pci_bus 0000:1f: resource 1 [mem 0xfc100000-0xfc1fffff]
[    1.820329] pci_bus 0000:1f: resource 2 [mem 0xe6700000-0xe67fffff 64bit pref]
[    1.820331] pci_bus 0000:20: resource 1 [mem 0xfbd00000-0xfbdfffff]
[    1.820333] pci_bus 0000:20: resource 2 [mem 0xe6300000-0xe63fffff 64bit pref]
[    1.820335] pci_bus 0000:21: resource 1 [mem 0xfb900000-0xfb9fffff]
[    1.820338] pci_bus 0000:21: resource 2 [mem 0xe5f00000-0xe5ffffff 64bit pref]
[    1.820340] pci_bus 0000:22: resource 1 [mem 0xfb500000-0xfb5fffff]
[    1.820342] pci_bus 0000:22: resource 2 [mem 0xe5b00000-0xe5bfffff 64bit pref]
[    1.820425] NET: Registered protocol family 2
[    1.820873] TCP established hash table entries: 16384 (order: 5, 131072 bytes)
[    1.821051] TCP bind hash table entries: 16384 (order: 6, 262144 bytes)
[    1.821500] TCP: Hash tables configured (established 16384 bind 16384)
[    1.821808] TCP: reno registered
[    1.821824] UDP hash table entries: 1024 (order: 3, 32768 bytes)
[    1.821848] UDP-Lite hash table entries: 1024 (order: 3, 32768 bytes)
[    1.822782] NET: Registered protocol family 1
[    1.822796] pci 0000:00:00.0: Limiting direct PCI/PCI transfers
[    1.823012] pci 0000:00:0f.0: Boot video device
[    1.825031] PCI: CLS mismatch (32 != 64), using 64 bytes
[    1.826375] Trying to unpack rootfs image as initramfs...
[    2.084453] Freeing initrd memory: 18588K (ffff880035ba2000 - ffff880036dc9000)
[    2.084626] Simple Boot Flag at 0x36 set to 0x80
[    2.084803] Switched to clocksource tsc
[    2.085044] microcode: CPU0 sig=0x206a7, pf=0x1, revision=0x29
[    2.085088] microcode: CPU1 sig=0x206a7, pf=0x1, revision=0x29
[    2.085124] microcode: CPU2 sig=0x206a7, pf=0x1, revision=0x29
[    2.085158] microcode: CPU3 sig=0x206a7, pf=0x1, revision=0x29
[    2.085371] microcode: Microcode Update Driver: v2.00 <tigran@aivazian.fsnet.co.uk>, Peter Oruba
[    2.085373] Scanning for low memory corruption every 60 seconds
[    2.086837] Initialise system trusted keyring
[    2.086878] audit: initializing netlink socket (disabled)
[    2.086887] type=2000 audit(1482469266.797:1): initialized
[    2.105766] HugeTLB registered 2 MB page size, pre-allocated 0 pages
[    2.107353] VFS: Disk quotas dquot_6.5.2
[    2.107399] Dquot-cache hash table entries: 512 (order 0, 4096 bytes)
[    2.108053] fuse init (API version 7.22)
[    2.108171] msgmni has been set to 3969
[    2.108228] Key type big_key registered
[    2.110128] Key type asymmetric registered
[    2.110130] Asymmetric key parser 'x509' registered
[    2.110153] Block layer SCSI generic (bsg) driver version 0.4 loaded (major 252)
[    2.110357] io scheduler noop registered
[    2.110358] io scheduler deadline registered (default)
[    2.110380] io scheduler cfq registered
[    2.110790] pcieport 0000:00:15.0: irq 40 for MSI/MSI-X
[    2.111273] pcieport 0000:00:15.1: irq 41 for MSI/MSI-X
[    2.111741] pcieport 0000:00:15.2: irq 42 for MSI/MSI-X
[    2.112211] pcieport 0000:00:15.3: irq 43 for MSI/MSI-X
[    2.112701] pcieport 0000:00:15.4: irq 44 for MSI/MSI-X
[    2.113166] pcieport 0000:00:15.5: irq 45 for MSI/MSI-X
[    2.113668] pcieport 0000:00:15.6: irq 46 for MSI/MSI-X
[    2.114242] pcieport 0000:00:15.7: irq 47 for MSI/MSI-X
[    2.114709] pcieport 0000:00:16.0: irq 48 for MSI/MSI-X
[    2.115186] pcieport 0000:00:16.1: irq 49 for MSI/MSI-X
[    2.115656] pcieport 0000:00:16.2: irq 50 for MSI/MSI-X
[    2.116134] pcieport 0000:00:16.3: irq 51 for MSI/MSI-X
[    2.116593] pcieport 0000:00:16.4: irq 52 for MSI/MSI-X
[    2.117136] pcieport 0000:00:16.5: irq 53 for MSI/MSI-X
[    2.117596] pcieport 0000:00:16.6: irq 54 for MSI/MSI-X
[    2.118060] pcieport 0000:00:16.7: irq 55 for MSI/MSI-X
[    2.118508] pcieport 0000:00:17.0: irq 56 for MSI/MSI-X
[    2.118976] pcieport 0000:00:17.1: irq 57 for MSI/MSI-X
[    2.119430] pcieport 0000:00:17.2: irq 58 for MSI/MSI-X
[    2.119897] pcieport 0000:00:17.3: irq 59 for MSI/MSI-X
[    2.120340] pcieport 0000:00:17.4: irq 60 for MSI/MSI-X
[    2.120780] pcieport 0000:00:17.5: irq 61 for MSI/MSI-X
[    2.121213] pcieport 0000:00:17.6: irq 62 for MSI/MSI-X
[    2.121646] pcieport 0000:00:17.7: irq 63 for MSI/MSI-X
[    2.122091] pcieport 0000:00:18.0: irq 64 for MSI/MSI-X
[    2.122544] pcieport 0000:00:18.1: irq 65 for MSI/MSI-X
[    2.122990] pcieport 0000:00:18.2: irq 66 for MSI/MSI-X
[    2.123432] pcieport 0000:00:18.3: irq 67 for MSI/MSI-X
[    2.123881] pcieport 0000:00:18.4: irq 68 for MSI/MSI-X
[    2.124322] pcieport 0000:00:18.5: irq 69 for MSI/MSI-X
[    2.124841] pcieport 0000:00:18.6: irq 70 for MSI/MSI-X
[    2.125448] pcieport 0000:00:18.7: irq 71 for MSI/MSI-X
[    2.125846] pcieport 0000:00:15.0: Signaling PME through PCIe PME interrupt
[    2.125865] pcie_pme 0000:00:15.0:pcie01: service driver pcie_pme loaded
[    2.125951] pcieport 0000:00:15.1: Signaling PME through PCIe PME interrupt
[    2.125969] pcie_pme 0000:00:15.1:pcie01: service driver pcie_pme loaded
[    2.126054] pcieport 0000:00:15.2: Signaling PME through PCIe PME interrupt
[    2.126072] pcie_pme 0000:00:15.2:pcie01: service driver pcie_pme loaded
[    2.126158] pcieport 0000:00:15.3: Signaling PME through PCIe PME interrupt
[    2.126175] pcie_pme 0000:00:15.3:pcie01: service driver pcie_pme loaded
[    2.126262] pcieport 0000:00:15.4: Signaling PME through PCIe PME interrupt
[    2.126280] pcie_pme 0000:00:15.4:pcie01: service driver pcie_pme loaded
[    2.126388] pcieport 0000:00:15.5: Signaling PME through PCIe PME interrupt
[    2.126406] pcie_pme 0000:00:15.5:pcie01: service driver pcie_pme loaded
[    2.126493] pcieport 0000:00:15.6: Signaling PME through PCIe PME interrupt
[    2.126510] pcie_pme 0000:00:15.6:pcie01: service driver pcie_pme loaded
[    2.126618] pcieport 0000:00:15.7: Signaling PME through PCIe PME interrupt
[    2.126638] pcie_pme 0000:00:15.7:pcie01: service driver pcie_pme loaded
[    2.126729] pcieport 0000:00:16.0: Signaling PME through PCIe PME interrupt
[    2.126747] pcie_pme 0000:00:16.0:pcie01: service driver pcie_pme loaded
[    2.126832] pcieport 0000:00:16.1: Signaling PME through PCIe PME interrupt
[    2.126850] pcie_pme 0000:00:16.1:pcie01: service driver pcie_pme loaded
[    2.126935] pcieport 0000:00:16.2: Signaling PME through PCIe PME interrupt
[    2.126953] pcie_pme 0000:00:16.2:pcie01: service driver pcie_pme loaded
[    2.127044] pcieport 0000:00:16.3: Signaling PME through PCIe PME interrupt
[    2.127062] pcie_pme 0000:00:16.3:pcie01: service driver pcie_pme loaded
[    2.127147] pcieport 0000:00:16.4: Signaling PME through PCIe PME interrupt
[    2.127165] pcie_pme 0000:00:16.4:pcie01: service driver pcie_pme loaded
[    2.127258] pcieport 0000:00:16.5: Signaling PME through PCIe PME interrupt
[    2.127276] pcie_pme 0000:00:16.5:pcie01: service driver pcie_pme loaded
[    2.127361] pcieport 0000:00:16.6: Signaling PME through PCIe PME interrupt
[    2.127379] pcie_pme 0000:00:16.6:pcie01: service driver pcie_pme loaded
[    2.127487] pcieport 0000:00:16.7: Signaling PME through PCIe PME interrupt
[    2.127506] pcie_pme 0000:00:16.7:pcie01: service driver pcie_pme loaded
[    2.127592] pcieport 0000:00:17.0: Signaling PME through PCIe PME interrupt
[    2.127610] pcie_pme 0000:00:17.0:pcie01: service driver pcie_pme loaded
[    2.127727] pcieport 0000:00:17.1: Signaling PME through PCIe PME interrupt
[    2.127746] pcie_pme 0000:00:17.1:pcie01: service driver pcie_pme loaded
[    2.127831] pcieport 0000:00:17.2: Signaling PME through PCIe PME interrupt
[    2.127849] pcie_pme 0000:00:17.2:pcie01: service driver pcie_pme loaded
[    2.127934] pcieport 0000:00:17.3: Signaling PME through PCIe PME interrupt
[    2.127952] pcie_pme 0000:00:17.3:pcie01: service driver pcie_pme loaded
[    2.128038] pcieport 0000:00:17.4: Signaling PME through PCIe PME interrupt
[    2.128056] pcie_pme 0000:00:17.4:pcie01: service driver pcie_pme loaded
[    2.128141] pcieport 0000:00:17.5: Signaling PME through PCIe PME interrupt
[    2.128159] pcie_pme 0000:00:17.5:pcie01: service driver pcie_pme loaded
[    2.128244] pcieport 0000:00:17.6: Signaling PME through PCIe PME interrupt
[    2.128262] pcie_pme 0000:00:17.6:pcie01: service driver pcie_pme loaded
[    2.128352] pcieport 0000:00:17.7: Signaling PME through PCIe PME interrupt
[    2.128370] pcie_pme 0000:00:17.7:pcie01: service driver pcie_pme loaded
[    2.128459] pcieport 0000:00:18.0: Signaling PME through PCIe PME interrupt
[    2.128478] pcie_pme 0000:00:18.0:pcie01: service driver pcie_pme loaded
[    2.128563] pcieport 0000:00:18.1: Signaling PME through PCIe PME interrupt
[    2.128581] pcie_pme 0000:00:18.1:pcie01: service driver pcie_pme loaded
[    2.128669] pcieport 0000:00:18.2: Signaling PME through PCIe PME interrupt
[    2.128687] pcie_pme 0000:00:18.2:pcie01: service driver pcie_pme loaded
[    2.128773] pcieport 0000:00:18.3: Signaling PME through PCIe PME interrupt
[    2.128792] pcie_pme 0000:00:18.3:pcie01: service driver pcie_pme loaded
[    2.128877] pcieport 0000:00:18.4: Signaling PME through PCIe PME interrupt
[    2.128895] pcie_pme 0000:00:18.4:pcie01: service driver pcie_pme loaded
[    2.128981] pcieport 0000:00:18.5: Signaling PME through PCIe PME interrupt
[    2.128998] pcie_pme 0000:00:18.5:pcie01: service driver pcie_pme loaded
[    2.129084] pcieport 0000:00:18.6: Signaling PME through PCIe PME interrupt
[    2.129102] pcie_pme 0000:00:18.6:pcie01: service driver pcie_pme loaded
[    2.129192] pcieport 0000:00:18.7: Signaling PME through PCIe PME interrupt
[    2.129210] pcie_pme 0000:00:18.7:pcie01: service driver pcie_pme loaded
[    2.129224] pci_hotplug: PCI Hot Plug PCI Core version: 0.5
[    2.129684] pciehp 0000:00:15.0:pcie04: HPC vendor_id 15ad device_id 7a0 ss_vid 15ad ss_did 7a0
[    2.129837] pciehp 0000:00:15.0:pcie04: service driver pciehp loaded
[    2.129950] pciehp 0000:00:15.1:pcie04: HPC vendor_id 15ad device_id 7a0 ss_vid 15ad ss_did 7a0
[    2.130061] pciehp 0000:00:15.1:pcie04: service driver pciehp loaded
[    2.130115] pciehp 0000:00:15.2:pcie04: HPC vendor_id 15ad device_id 7a0 ss_vid 15ad ss_did 7a0
[    2.130242] pciehp 0000:00:15.2:pcie04: service driver pciehp loaded
[    2.130301] pciehp 0000:00:15.3:pcie04: HPC vendor_id 15ad device_id 7a0 ss_vid 15ad ss_did 7a0
[    2.130427] pciehp 0000:00:15.3:pcie04: service driver pciehp loaded
[    2.130477] pciehp 0000:00:15.4:pcie04: HPC vendor_id 15ad device_id 7a0 ss_vid 15ad ss_did 7a0
[    2.130592] pciehp 0000:00:15.4:pcie04: service driver pciehp loaded
[    2.130644] pciehp 0000:00:15.5:pcie04: HPC vendor_id 15ad device_id 7a0 ss_vid 15ad ss_did 7a0
[    2.130741] pciehp 0000:00:15.5:pcie04: service driver pciehp loaded
[    2.130794] pciehp 0000:00:15.6:pcie04: HPC vendor_id 15ad device_id 7a0 ss_vid 15ad ss_did 7a0
[    2.130886] pciehp 0000:00:15.6:pcie04: service driver pciehp loaded
[    2.130938] pciehp 0000:00:15.7:pcie04: HPC vendor_id 15ad device_id 7a0 ss_vid 15ad ss_did 7a0
[    2.131030] pciehp 0000:00:15.7:pcie04: service driver pciehp loaded
[    2.131082] pciehp 0000:00:16.0:pcie04: HPC vendor_id 15ad device_id 7a0 ss_vid 15ad ss_did 7a0
[    2.131173] pciehp 0000:00:16.0:pcie04: service driver pciehp loaded
[    2.131252] pciehp 0000:00:16.1:pcie04: HPC vendor_id 15ad device_id 7a0 ss_vid 15ad ss_did 7a0
[    2.131348] pciehp 0000:00:16.1:pcie04: service driver pciehp loaded
[    2.131400] pciehp 0000:00:16.2:pcie04: HPC vendor_id 15ad device_id 7a0 ss_vid 15ad ss_did 7a0
[    2.131493] pciehp 0000:00:16.2:pcie04: service driver pciehp loaded
[    2.131545] pciehp 0000:00:16.3:pcie04: HPC vendor_id 15ad device_id 7a0 ss_vid 15ad ss_did 7a0
[    2.131636] pciehp 0000:00:16.3:pcie04: service driver pciehp loaded
[    2.131694] pciehp 0000:00:16.4:pcie04: HPC vendor_id 15ad device_id 7a0 ss_vid 15ad ss_did 7a0
[    2.131786] pciehp 0000:00:16.4:pcie04: service driver pciehp loaded
[    2.131838] pciehp 0000:00:16.5:pcie04: HPC vendor_id 15ad device_id 7a0 ss_vid 15ad ss_did 7a0
[    2.131929] pciehp 0000:00:16.5:pcie04: service driver pciehp loaded
[    2.131980] pciehp 0000:00:16.6:pcie04: HPC vendor_id 15ad device_id 7a0 ss_vid 15ad ss_did 7a0
[    2.132071] pciehp 0000:00:16.6:pcie04: service driver pciehp loaded
[    2.132123] pciehp 0000:00:16.7:pcie04: HPC vendor_id 15ad device_id 7a0 ss_vid 15ad ss_did 7a0
[    2.132216] pciehp 0000:00:16.7:pcie04: service driver pciehp loaded
[    2.132272] pciehp 0000:00:17.0:pcie04: HPC vendor_id 15ad device_id 7a0 ss_vid 15ad ss_did 7a0
[    2.132364] pciehp 0000:00:17.0:pcie04: service driver pciehp loaded
[    2.132416] pciehp 0000:00:17.1:pcie04: HPC vendor_id 15ad device_id 7a0 ss_vid 15ad ss_did 7a0
[    2.132509] pciehp 0000:00:17.1:pcie04: service driver pciehp loaded
[    2.132561] pciehp 0000:00:17.2:pcie04: HPC vendor_id 15ad device_id 7a0 ss_vid 15ad ss_did 7a0
[    2.132652] pciehp 0000:00:17.2:pcie04: service driver pciehp loaded
[    2.132710] pciehp 0000:00:17.3:pcie04: HPC vendor_id 15ad device_id 7a0 ss_vid 15ad ss_did 7a0
[    2.132800] pciehp 0000:00:17.3:pcie04: service driver pciehp loaded
[    2.132852] pciehp 0000:00:17.4:pcie04: HPC vendor_id 15ad device_id 7a0 ss_vid 15ad ss_did 7a0
[    2.132943] pciehp 0000:00:17.4:pcie04: service driver pciehp loaded
[    2.132994] pciehp 0000:00:17.5:pcie04: HPC vendor_id 15ad device_id 7a0 ss_vid 15ad ss_did 7a0
[    2.133086] pciehp 0000:00:17.5:pcie04: service driver pciehp loaded
[    2.133138] pciehp 0000:00:17.6:pcie04: HPC vendor_id 15ad device_id 7a0 ss_vid 15ad ss_did 7a0
[    2.133229] pciehp 0000:00:17.6:pcie04: service driver pciehp loaded
[    2.133280] pciehp 0000:00:17.7:pcie04: HPC vendor_id 15ad device_id 7a0 ss_vid 15ad ss_did 7a0
[    2.133378] pciehp 0000:00:17.7:pcie04: service driver pciehp loaded
[    2.133430] pciehp 0000:00:18.0:pcie04: HPC vendor_id 15ad device_id 7a0 ss_vid 15ad ss_did 7a0
[    2.133522] pciehp 0000:00:18.0:pcie04: service driver pciehp loaded
[    2.133574] pciehp 0000:00:18.1:pcie04: HPC vendor_id 15ad device_id 7a0 ss_vid 15ad ss_did 7a0
[    2.133667] pciehp 0000:00:18.1:pcie04: service driver pciehp loaded
[    2.133719] pciehp 0000:00:18.2:pcie04: HPC vendor_id 15ad device_id 7a0 ss_vid 15ad ss_did 7a0
[    2.133810] pciehp 0000:00:18.2:pcie04: service driver pciehp loaded
[    2.133862] pciehp 0000:00:18.3:pcie04: HPC vendor_id 15ad device_id 7a0 ss_vid 15ad ss_did 7a0
[    2.133954] pciehp 0000:00:18.3:pcie04: service driver pciehp loaded
[    2.134006] pciehp 0000:00:18.4:pcie04: HPC vendor_id 15ad device_id 7a0 ss_vid 15ad ss_did 7a0
[    2.134100] pciehp 0000:00:18.4:pcie04: service driver pciehp loaded
[    2.134151] pciehp 0000:00:18.5:pcie04: HPC vendor_id 15ad device_id 7a0 ss_vid 15ad ss_did 7a0
[    2.134244] pciehp 0000:00:18.5:pcie04: service driver pciehp loaded
